
*** core/src/json.rs:69:9: replace Document::parse -> Result<Self, Error> with Ok(Default::default())

*** mutation diff:
--- core/src/json.rs
+++ replace Document::parse -> Result<Self, Error> with Ok(Default::default())
@@ -61,29 +61,17 @@
     #[allow(dead_code)]
     key_span: Range<usize>,
     value: Node,
 }
 
 impl Document {
     /// Parse `bytes` as strict JSON.
     pub fn parse(bytes: &[u8]) -> Result<Self, Error> {
-        let start = if bytes.starts_with(b"\xEF\xBB\xBF") { 3 } else { 0 };
-        let mut parser = Parser { b: bytes, i: start };
-        parser.skip_whitespace();
-        let root = parser.value()?;
-        parser.skip_whitespace();
-        if parser.i != bytes.len() {
-            return Err(parser.error("trailing content after the top-level value"));
-        }
-        Ok(Document {
-            original: bytes.to_vec(),
-            root,
-            splices: Vec::new(),
-        })
+        Ok(Default::default()) /* ~ changed by cargo-mutants ~ */
     }
 
     /// Replace the string at `path`. Creates nothing: a path that is not already there is an
     /// error, because creating is a different decision with its own rules about placement.
     pub fn set_string(&mut self, path: &[&str], value: &str) -> Result<Range<usize>, Error> {
         let node = resolve(&self.root, path).ok_or_else(|| Error::Missing {
             path: path.join("."),
         })?;


*** /Users/zuevrs/.rustup/toolchains/stable-aarch64-apple-darwin/bin/cargo test --no-run --verbose --package=tapkey-core@0.0.0
       Fresh libc v0.2.189
       Dirty tapkey-core v0.0.0 (/private/var/folders/6n/q9s0qd4d5b92jqqf9kk_0kdm0000gn/T/cargo-mutants-tapkey-mEaQLp.tmp/core): couldn't read metadata for file `target/debug/deps/libtapkey_core-0d7cc80528a209b4.rlib`
   Compiling tapkey-core v0.0.0 (/private/var/folders/6n/q9s0qd4d5b92jqqf9kk_0kdm0000gn/T/cargo-mutants-tapkey-mEaQLp.tmp/core)
     Running `/Users/zuevrs/.rustup/toolchains/stable-aarch64-apple-darwin/bin/rustc --crate-name tapkey_core --edition=2024 core/src/lib.rs --error-format=json --json=diagnostic-rendered-ansi,artifacts,future-incompat --crate-type lib --emit=dep-info,metadata,link -C embed-bitcode=no -C debuginfo=2 -C split-debuginfo=unpacked --check-cfg 'cfg(docsrs,test)' --check-cfg 'cfg(feature, values())' -C metadata=9105275b8aef62b4 -C extra-filename=-0d7cc80528a209b4 --out-dir /private/var/folders/6n/q9s0qd4d5b92jqqf9kk_0kdm0000gn/T/cargo-mutants-tapkey-mEaQLp.tmp/target/debug/deps -C incremental=/private/var/folders/6n/q9s0qd4d5b92jqqf9kk_0kdm0000gn/T/cargo-mutants-tapkey-mEaQLp.tmp/target/debug/incremental -L dependency=/private/var/folders/6n/q9s0qd4d5b92jqqf9kk_0kdm0000gn/T/cargo-mutants-tapkey-mEaQLp.tmp/target/debug/deps --extern libc=/private/var/folders/6n/q9s0qd4d5b92jqqf9kk_0kdm0000gn/T/cargo-mutants-tapkey-mEaQLp.tmp/target/debug/deps/liblibc-52bcda4c9f95e8a3.rmeta`
     Running `/Users/zuevrs/.rustup/toolchains/stable-aarch64-apple-darwin/bin/rustc --crate-name tapkey_core --edition=2024 core/src/lib.rs --error-format=json --json=diagnostic-rendered-ansi,artifacts,future-incompat --emit=dep-info,link -C embed-bitcode=no -C debuginfo=2 -C split-debuginfo=unpacked --test --check-cfg 'cfg(docsrs,test)' --check-cfg 'cfg(feature, values())' -C metadata=7a405cffd96d514b -C extra-filename=-565f42156525e2da --out-dir /private/var/folders/6n/q9s0qd4d5b92jqqf9kk_0kdm0000gn/T/cargo-mutants-tapkey-mEaQLp.tmp/target/debug/deps -C incremental=/private/var/folders/6n/q9s0qd4d5b92jqqf9kk_0kdm0000gn/T/cargo-mutants-tapkey-mEaQLp.tmp/target/debug/incremental -L dependency=/private/var/folders/6n/q9s0qd4d5b92jqqf9kk_0kdm0000gn/T/cargo-mutants-tapkey-mEaQLp.tmp/target/debug/deps --extern libc=/private/var/folders/6n/q9s0qd4d5b92jqqf9kk_0kdm0000gn/T/cargo-mutants-tapkey-mEaQLp.tmp/target/debug/deps/liblibc-52bcda4c9f95e8a3.rlib`
error[E0277]: the trait bound `Document: Default` is not satisfied
  --> core/src/json.rs:69:12
   |
69 |         Ok(Default::default()) /* ~ changed by cargo-mutants ~ */
   |            ^^^^^^^^^^^^^^^^^^ unsatisfied trait bound
   |
help: the trait `Default` is not implemented for `Document`
  --> core/src/json.rs:11:1
   |
11 | pub struct Document {
   | ^^^^^^^^^^^^^^^^^^^

For more information about this error, try `rustc --explain E0277`.
error: could not compile `tapkey-core` (lib test) due to 1 previous error

Caused by:
  process didn't exit successfully: `/Users/zuevrs/.rustup/toolchains/stable-aarch64-apple-darwin/bin/rustc --crate-name tapkey_core --edition=2024 core/src/lib.rs --error-format=json --json=diagnostic-rendered-ansi,artifacts,future-incompat --emit=dep-info,link -C embed-bitcode=no -C debuginfo=2 -C split-debuginfo=unpacked --test --check-cfg 'cfg(docsrs,test)' --check-cfg 'cfg(feature, values())' -C metadata=7a405cffd96d514b -C extra-filename=-565f42156525e2da --out-dir /private/var/folders/6n/q9s0qd4d5b92jqqf9kk_0kdm0000gn/T/cargo-mutants-tapkey-mEaQLp.tmp/target/debug/deps -C incremental=/private/var/folders/6n/q9s0qd4d5b92jqqf9kk_0kdm0000gn/T/cargo-mutants-tapkey-mEaQLp.tmp/target/debug/incremental -L dependency=/private/var/folders/6n/q9s0qd4d5b92jqqf9kk_0kdm0000gn/T/cargo-mutants-tapkey-mEaQLp.tmp/target/debug/deps --extern libc=/private/var/folders/6n/q9s0qd4d5b92jqqf9kk_0kdm0000gn/T/cargo-mutants-tapkey-mEaQLp.tmp/target/debug/deps/liblibc-52bcda4c9f95e8a3.rlib` (exit status: 1)
warning: build failed, waiting for other jobs to finish...
error: could not compile `tapkey-core` (lib) due to 1 previous error

Caused by:
  process didn't exit successfully: `/Users/zuevrs/.rustup/toolchains/stable-aarch64-apple-darwin/bin/rustc --crate-name tapkey_core --edition=2024 core/src/lib.rs --error-format=json --json=diagnostic-rendered-ansi,artifacts,future-incompat --crate-type lib --emit=dep-info,metadata,link -C embed-bitcode=no -C debuginfo=2 -C split-debuginfo=unpacked --check-cfg 'cfg(docsrs,test)' --check-cfg 'cfg(feature, values())' -C metadata=9105275b8aef62b4 -C extra-filename=-0d7cc80528a209b4 --out-dir /private/var/folders/6n/q9s0qd4d5b92jqqf9kk_0kdm0000gn/T/cargo-mutants-tapkey-mEaQLp.tmp/target/debug/deps -C incremental=/private/var/folders/6n/q9s0qd4d5b92jqqf9kk_0kdm0000gn/T/cargo-mutants-tapkey-mEaQLp.tmp/target/debug/incremental -L dependency=/private/var/folders/6n/q9s0qd4d5b92jqqf9kk_0kdm0000gn/T/cargo-mutants-tapkey-mEaQLp.tmp/target/debug/deps --extern libc=/private/var/folders/6n/q9s0qd4d5b92jqqf9kk_0kdm0000gn/T/cargo-mutants-tapkey-mEaQLp.tmp/target/debug/deps/liblibc-52bcda4c9f95e8a3.rmeta` (exit status: 1)

*** result: Failure(101)
