
*** core/src/lib.rs:33:5: replace handle_with -> String with String::new()

*** mutation diff:
--- core/src/lib.rs
+++ replace handle_with -> String with String::new()
@@ -25,25 +25,17 @@
     handle_with(&Env::real(), request)
 }
 
 /// The same call, told what world it is acting in rather than going and finding one.
 ///
 /// This is the seam the tests and the fixture harness use. See ADR-0016: the public surface is
 /// still one string in and one string out.
 pub fn handle_with(env: &Env, request: &str) -> String {
-    let response = dispatch(env, request);
-    serde_json::to_string(&response).unwrap_or_else(|e| {
-        // Serialising our own response cannot fail on well-formed data, but a panic here would
-        // take the host application down, so it degrades to a refusal instead.
-        format!(
-            r#"{{"ok":false,"failure":{{"kind":"internal","detail":{:?}}}}}"#,
-            e.to_string()
-        )
-    })
+    String::new() /* ~ changed by cargo-mutants ~ */
 }
 
 fn dispatch(env: &Env, request: &str) -> Response {
     let envelope: Envelope = match serde_json::from_str(request) {
         Ok(e) => e,
         Err(e) => return refuse("malformed_request", e.to_string()),
     };
     if envelope.version != SCHEMA_VERSION {


*** /Users/zuevrs/.rustup/toolchains/stable-aarch64-apple-darwin/bin/cargo test --no-run --verbose --package=tapkey-core@0.0.0
    Blocking waiting for file lock on package cache
    Blocking waiting for file lock on package cache
    Blocking waiting for file lock on package cache
    Blocking waiting for file lock on package cache
   Compiling proc-macro2 v1.0.107
   Compiling quote v1.0.47
   Compiling unicode-ident v1.0.24
   Compiling serde_core v1.0.229
   Compiling zmij v1.0.23
   Compiling serde v1.0.229
   Compiling serde_json v1.0.151
   Compiling libc v0.2.189
   Compiling itoa v1.0.18
   Compiling memchr v2.8.3
     Running `/Users/zuevrs/.rustup/toolchains/stable-aarch64-apple-darwin/bin/rustc --crate-name build_script_build --edition=2021 /Users/zuevrs/.cargo/registry/src/index.crates.io-1949cf8c6b5b557f/proc-macro2-1.0.107/build.rs --error-format=json --json=diagnostic-rendered-ansi,artifacts,future-incompat --crate-type bin --emit=dep-info,link -C embed-bitcode=no --cfg 'feature="proc-macro"' --check-cfg 'cfg(docsrs,test)' --check-cfg 'cfg(feature, values("default", "nightly", "proc-macro", "span-locations"))' -C metadata=a75b76be60b7f1da -C extra-filename=-0c9287cb1ed162d7 --out-dir /private/var/folders/6n/q9s0qd4d5b92jqqf9kk_0kdm0000gn/T/cargo-mutants-tapkey-1d1muD.tmp/target/debug/build/proc-macro2-0c9287cb1ed162d7 -L dependency=/private/var/folders/6n/q9s0qd4d5b92jqqf9kk_0kdm0000gn/T/cargo-mutants-tapkey-1d1muD.tmp/target/debug/deps --cap-lints allow`
     Running `/Users/zuevrs/.rustup/toolchains/stable-aarch64-apple-darwin/bin/rustc --crate-name build_script_build --edition=2021 /Users/zuevrs/.cargo/registry/src/index.crates.io-1949cf8c6b5b557f/quote-1.0.47/build.rs --error-format=json --json=diagnostic-rendered-ansi,artifacts,future-incompat --crate-type bin --emit=dep-info,link -C embed-bitcode=no --cfg 'feature="proc-macro"' --check-cfg 'cfg(docsrs,test)' --check-cfg 'cfg(feature, values("default", "proc-macro"))' -C metadata=a58db744052ce4e6 -C extra-filename=-8fd7134c1db7ed56 --out-dir /private/var/folders/6n/q9s0qd4d5b92jqqf9kk_0kdm0000gn/T/cargo-mutants-tapkey-1d1muD.tmp/target/debug/build/quote-8fd7134c1db7ed56 -L dependency=/private/var/folders/6n/q9s0qd4d5b92jqqf9kk_0kdm0000gn/T/cargo-mutants-tapkey-1d1muD.tmp/target/debug/deps --cap-lints allow`
     Running `/Users/zuevrs/.rustup/toolchains/stable-aarch64-apple-darwin/bin/rustc --crate-name unicode_ident --edition=2021 /Users/zuevrs/.cargo/registry/src/index.crates.io-1949cf8c6b5b557f/unicode-ident-1.0.24/src/lib.rs --error-format=json --json=diagnostic-rendered-ansi,artifacts,future-incompat --crate-type lib --emit=dep-info,metadata,link -C embed-bitcode=no --check-cfg 'cfg(docsrs,test)' --check-cfg 'cfg(feature, values())' -C metadata=c62a681ebd854cc1 -C extra-filename=-eac911d12ba49da7 --out-dir /private/var/folders/6n/q9s0qd4d5b92jqqf9kk_0kdm0000gn/T/cargo-mutants-tapkey-1d1muD.tmp/target/debug/deps -L dependency=/private/var/folders/6n/q9s0qd4d5b92jqqf9kk_0kdm0000gn/T/cargo-mutants-tapkey-1d1muD.tmp/target/debug/deps --cap-lints allow`
     Running `/Users/zuevrs/.rustup/toolchains/stable-aarch64-apple-darwin/bin/rustc --crate-name build_script_build --edition=2021 /Users/zuevrs/.cargo/registry/src/index.crates.io-1949cf8c6b5b557f/zmij-1.0.23/build.rs --error-format=json --json=diagnostic-rendered-ansi,artifacts,future-incompat --crate-type bin --emit=dep-info,link -C embed-bitcode=no --check-cfg 'cfg(docsrs,test)' --check-cfg 'cfg(feature, values("no-panic"))' -C metadata=89a9f0c1b790a09e -C extra-filename=-ee17e24483305832 --out-dir /private/var/folders/6n/q9s0qd4d5b92jqqf9kk_0kdm0000gn/T/cargo-mutants-tapkey-1d1muD.tmp/target/debug/build/zmij-ee17e24483305832 -L dependency=/private/var/folders/6n/q9s0qd4d5b92jqqf9kk_0kdm0000gn/T/cargo-mutants-tapkey-1d1muD.tmp/target/debug/deps --cap-lints allow`
     Running `/Users/zuevrs/.rustup/toolchains/stable-aarch64-apple-darwin/bin/rustc --crate-name build_script_build --edition=2021 /Users/zuevrs/.cargo/registry/src/index.crates.io-1949cf8c6b5b557f/serde_core-1.0.229/build.rs --error-format=json --json=diagnostic-rendered-ansi,artifacts,future-incompat --crate-type bin --emit=dep-info,link -C embed-bitcode=no --cfg 'feature="result"' --cfg 'feature="std"' --check-cfg 'cfg(docsrs,test)' --check-cfg 'cfg(feature, values("alloc", "default", "rc", "result", "std", "unstable"))' -C metadata=699adfdc90bff115 -C extra-filename=-ef41fda36128260f --out-dir /private/var/folders/6n/q9s0qd4d5b92jqqf9kk_0kdm0000gn/T/cargo-mutants-tapkey-1d1muD.tmp/target/debug/build/serde_core-ef41fda36128260f -L dependency=/private/var/folders/6n/q9s0qd4d5b92jqqf9kk_0kdm0000gn/T/cargo-mutants-tapkey-1d1muD.tmp/target/debug/deps --cap-lints allow`
     Running `/Users/zuevrs/.rustup/toolchains/stable-aarch64-apple-darwin/bin/rustc --crate-name build_script_build --edition=2021 /Users/zuevrs/.cargo/registry/src/index.crates.io-1949cf8c6b5b557f/serde_json-1.0.151/build.rs --error-format=json --json=diagnostic-rendered-ansi,artifacts,future-incompat --crate-type bin --emit=dep-info,link -C embed-bitcode=no --cfg 'feature="default"' --cfg 'feature="std"' --check-cfg 'cfg(docsrs,test)' --check-cfg 'cfg(feature, values("alloc", "arbitrary_precision", "default", "float_roundtrip", "indexmap", "preserve_order", "raw_value", "std", "unbounded_depth"))' -C metadata=871ec5b3775e58d8 -C extra-filename=-92a231c50c5b18b4 --out-dir /private/var/folders/6n/q9s0qd4d5b92jqqf9kk_0kdm0000gn/T/cargo-mutants-tapkey-1d1muD.tmp/target/debug/build/serde_json-92a231c50c5b18b4 -L dependency=/private/var/folders/6n/q9s0qd4d5b92jqqf9kk_0kdm0000gn/T/cargo-mutants-tapkey-1d1muD.tmp/target/debug/deps --cap-lints allow`
     Running `/Users/zuevrs/.rustup/toolchains/stable-aarch64-apple-darwin/bin/rustc --crate-name build_script_build --edition=2021 /Users/zuevrs/.cargo/registry/src/index.crates.io-1949cf8c6b5b557f/serde-1.0.229/build.rs --error-format=json --json=diagnostic-rendered-ansi,artifacts,future-incompat --crate-type bin --emit=dep-info,link -C embed-bitcode=no --cfg 'feature="default"' --cfg 'feature="derive"' --cfg 'feature="serde_derive"' --cfg 'feature="std"' --check-cfg 'cfg(docsrs,test)' --check-cfg 'cfg(feature, values("alloc", "default", "derive", "rc", "serde_derive", "std", "unstable"))' -C metadata=60b8664c1ae9e2a1 -C extra-filename=-202b23e0145f6b66 --out-dir /private/var/folders/6n/q9s0qd4d5b92jqqf9kk_0kdm0000gn/T/cargo-mutants-tapkey-1d1muD.tmp/target/debug/build/serde-202b23e0145f6b66 -L dependency=/private/var/folders/6n/q9s0qd4d5b92jqqf9kk_0kdm0000gn/T/cargo-mutants-tapkey-1d1muD.tmp/target/debug/deps --cap-lints allow`
     Running `/Users/zuevrs/.rustup/toolchains/stable-aarch64-apple-darwin/bin/rustc --crate-name build_script_build --edition=2021 /Users/zuevrs/.cargo/registry/src/index.crates.io-1949cf8c6b5b557f/libc-0.2.189/build.rs --error-format=json --json=diagnostic-rendered-ansi,artifacts,future-incompat --crate-type bin --emit=dep-info,link -C embed-bitcode=no --allow=unused_qualifications '--warn=clippy::unnecessary_semicolon' '--allow=clippy::unnecessary_cast' '--warn=clippy::ptr_as_ptr' '--allow=clippy::non_minimal_cfg' '--allow=clippy::missing_safety_doc' '--warn=clippy::map_unwrap_or' '--warn=clippy::manual_assert' '--allow=clippy::identity_op' '--warn=clippy::explicit_iter_loop' --cfg 'feature="default"' --cfg 'feature="std"' --check-cfg 'cfg(docsrs,test)' --check-cfg 'cfg(feature, values("align", "const-extern-fn", "default", "extra_traits", "rustc-dep-of-std", "rustc-std-workspace-core", "std", "use_std"))' -C metadata=a2c78870b85ef7ce -C extra-filename=-d982028f2232e0a6 --out-dir /private/var/folders/6n/q9s0qd4d5b92jqqf9kk_0kdm0000gn/T/cargo-mutants-tapkey-1d1muD.tmp/target/debug/build/libc-d982028f2232e0a6 -L dependency=/private/var/folders/6n/q9s0qd4d5b92jqqf9kk_0kdm0000gn/T/cargo-mutants-tapkey-1d1muD.tmp/target/debug/deps --cap-lints allow`
     Running `/Users/zuevrs/.rustup/toolchains/stable-aarch64-apple-darwin/bin/rustc --crate-name memchr --edition=2021 /Users/zuevrs/.cargo/registry/src/index.crates.io-1949cf8c6b5b557f/memchr-2.8.3/src/lib.rs --error-format=json --json=diagnostic-rendered-ansi,artifacts,future-incompat --crate-type lib --emit=dep-info,metadata,link -C embed-bitcode=no -C debuginfo=2 -C split-debuginfo=unpacked --cfg 'feature="alloc"' --cfg 'feature="std"' --check-cfg 'cfg(docsrs,test)' --check-cfg 'cfg(feature, values("alloc", "core", "default", "libc", "logging", "rustc-dep-of-std", "std", "use_std"))' -C metadata=4a3eb45a3c238f5a -C extra-filename=-ffb38570b2073ab3 --out-dir /private/var/folders/6n/q9s0qd4d5b92jqqf9kk_0kdm0000gn/T/cargo-mutants-tapkey-1d1muD.tmp/target/debug/deps -L dependency=/private/var/folders/6n/q9s0qd4d5b92jqqf9kk_0kdm0000gn/T/cargo-mutants-tapkey-1d1muD.tmp/target/debug/deps --cap-lints allow`
     Running `/Users/zuevrs/.rustup/toolchains/stable-aarch64-apple-darwin/bin/rustc --crate-name itoa --edition=2021 /Users/zuevrs/.cargo/registry/src/index.crates.io-1949cf8c6b5b557f/itoa-1.0.18/src/lib.rs --error-format=json --json=diagnostic-rendered-ansi,artifacts,future-incompat --crate-type lib --emit=dep-info,metadata,link -C embed-bitcode=no -C debuginfo=2 -C split-debuginfo=unpacked --check-cfg 'cfg(docsrs,test)' --check-cfg 'cfg(feature, values("no-panic"))' -C metadata=c6091114e1212f58 -C extra-filename=-f7284ab401951f1b --out-dir /private/var/folders/6n/q9s0qd4d5b92jqqf9kk_0kdm0000gn/T/cargo-mutants-tapkey-1d1muD.tmp/target/debug/deps -L dependency=/private/var/folders/6n/q9s0qd4d5b92jqqf9kk_0kdm0000gn/T/cargo-mutants-tapkey-1d1muD.tmp/target/debug/deps --cap-lints allow`
     Running `/private/var/folders/6n/q9s0qd4d5b92jqqf9kk_0kdm0000gn/T/cargo-mutants-tapkey-1d1muD.tmp/target/debug/build/serde_json-92a231c50c5b18b4/build-script-build`
     Running `/private/var/folders/6n/q9s0qd4d5b92jqqf9kk_0kdm0000gn/T/cargo-mutants-tapkey-1d1muD.tmp/target/debug/build/zmij-ee17e24483305832/build-script-build`
     Running `/private/var/folders/6n/q9s0qd4d5b92jqqf9kk_0kdm0000gn/T/cargo-mutants-tapkey-1d1muD.tmp/target/debug/build/serde_core-ef41fda36128260f/build-script-build`
     Running `/private/var/folders/6n/q9s0qd4d5b92jqqf9kk_0kdm0000gn/T/cargo-mutants-tapkey-1d1muD.tmp/target/debug/build/proc-macro2-0c9287cb1ed162d7/build-script-build`
     Running `/private/var/folders/6n/q9s0qd4d5b92jqqf9kk_0kdm0000gn/T/cargo-mutants-tapkey-1d1muD.tmp/target/debug/build/serde-202b23e0145f6b66/build-script-build`
     Running `/private/var/folders/6n/q9s0qd4d5b92jqqf9kk_0kdm0000gn/T/cargo-mutants-tapkey-1d1muD.tmp/target/debug/build/quote-8fd7134c1db7ed56/build-script-build`
     Running `/private/var/folders/6n/q9s0qd4d5b92jqqf9kk_0kdm0000gn/T/cargo-mutants-tapkey-1d1muD.tmp/target/debug/build/libc-d982028f2232e0a6/build-script-build`
     Running `/Users/zuevrs/.rustup/toolchains/stable-aarch64-apple-darwin/bin/rustc --crate-name zmij --edition=2021 /Users/zuevrs/.cargo/registry/src/index.crates.io-1949cf8c6b5b557f/zmij-1.0.23/src/lib.rs --error-format=json --json=diagnostic-rendered-ansi,artifacts,future-incompat --crate-type lib --emit=dep-info,metadata,link -C embed-bitcode=no -C debuginfo=2 -C split-debuginfo=unpacked --check-cfg 'cfg(docsrs,test)' --check-cfg 'cfg(feature, values("no-panic"))' -C metadata=1a11d0396b1e05b0 -C extra-filename=-93188a36ad03fe0b --out-dir /private/var/folders/6n/q9s0qd4d5b92jqqf9kk_0kdm0000gn/T/cargo-mutants-tapkey-1d1muD.tmp/target/debug/deps -L dependency=/private/var/folders/6n/q9s0qd4d5b92jqqf9kk_0kdm0000gn/T/cargo-mutants-tapkey-1d1muD.tmp/target/debug/deps --cap-lints allow --check-cfg 'cfg(exhaustive)' --check-cfg 'cfg(opt_level, values("s"))' --check-cfg 'cfg(zmij_no_select_unpredictable)'`
     Running `/Users/zuevrs/.rustup/toolchains/stable-aarch64-apple-darwin/bin/rustc --crate-name serde_core --edition=2021 /Users/zuevrs/.cargo/registry/src/index.crates.io-1949cf8c6b5b557f/serde_core-1.0.229/src/lib.rs --error-format=json --json=diagnostic-rendered-ansi,artifacts,future-incompat --crate-type lib --emit=dep-info,metadata,link -C embed-bitcode=no -C debuginfo=2 -C split-debuginfo=unpacked --cfg 'feature="result"' --cfg 'feature="std"' --check-cfg 'cfg(docsrs,test)' --check-cfg 'cfg(feature, values("alloc", "default", "rc", "result", "std", "unstable"))' -C metadata=8c489b60b1f1868f -C extra-filename=-d1e829a701121e99 --out-dir /private/var/folders/6n/q9s0qd4d5b92jqqf9kk_0kdm0000gn/T/cargo-mutants-tapkey-1d1muD.tmp/target/debug/deps -L dependency=/private/var/folders/6n/q9s0qd4d5b92jqqf9kk_0kdm0000gn/T/cargo-mutants-tapkey-1d1muD.tmp/target/debug/deps --cap-lints allow --check-cfg 'cfg(if_docsrs_then_no_serde_core)' --check-cfg 'cfg(no_core_cstr)' --check-cfg 'cfg(no_core_error)' --check-cfg 'cfg(no_core_net)' --check-cfg 'cfg(no_core_num_saturating)' --check-cfg 'cfg(no_diagnostic_namespace)' --check-cfg 'cfg(no_serde_derive)' --check-cfg 'cfg(no_std_atomic)' --check-cfg 'cfg(no_std_atomic64)' --check-cfg 'cfg(no_target_has_atomic)'`
     Running `/Users/zuevrs/.rustup/toolchains/stable-aarch64-apple-darwin/bin/rustc --crate-name proc_macro2 --edition=2021 /Users/zuevrs/.cargo/registry/src/index.crates.io-1949cf8c6b5b557f/proc-macro2-1.0.107/src/lib.rs --error-format=json --json=diagnostic-rendered-ansi,artifacts,future-incompat --crate-type lib --emit=dep-info,metadata,link -C embed-bitcode=no --cfg 'feature="proc-macro"' --check-cfg 'cfg(docsrs,test)' --check-cfg 'cfg(feature, values("default", "nightly", "proc-macro", "span-locations"))' -C metadata=a2de5cc065d3fa14 -C extra-filename=-003ab1cac2d08d7b --out-dir /private/var/folders/6n/q9s0qd4d5b92jqqf9kk_0kdm0000gn/T/cargo-mutants-tapkey-1d1muD.tmp/target/debug/deps -L dependency=/private/var/folders/6n/q9s0qd4d5b92jqqf9kk_0kdm0000gn/T/cargo-mutants-tapkey-1d1muD.tmp/target/debug/deps --extern unicode_ident=/private/var/folders/6n/q9s0qd4d5b92jqqf9kk_0kdm0000gn/T/cargo-mutants-tapkey-1d1muD.tmp/target/debug/deps/libunicode_ident-eac911d12ba49da7.rmeta --cap-lints allow --cfg wrap_proc_macro --cfg proc_macro_span_location --cfg proc_macro_span_file --check-cfg 'cfg(fuzzing)' --check-cfg 'cfg(no_is_available)' --check-cfg 'cfg(no_literal_byte_character)' --check-cfg 'cfg(no_literal_c_string)' --check-cfg 'cfg(no_source_text)' --check-cfg 'cfg(proc_macro_span)' --check-cfg 'cfg(proc_macro_span_file)' --check-cfg 'cfg(proc_macro_span_location)' --check-cfg 'cfg(procmacro2_backtrace)' --check-cfg 'cfg(procmacro2_build_probe)' --check-cfg 'cfg(procmacro2_nightly_testing)' --check-cfg 'cfg(procmacro2_semver_exempt)' --check-cfg 'cfg(randomize_layout)' --check-cfg 'cfg(span_locations)' --check-cfg 'cfg(super_unstable)' --check-cfg 'cfg(wrap_proc_macro)'`
     Running `/Users/zuevrs/.rustup/toolchains/stable-aarch64-apple-darwin/bin/rustc --crate-name quote --edition=2021 /Users/zuevrs/.cargo/registry/src/index.crates.io-1949cf8c6b5b557f/quote-1.0.47/src/lib.rs --error-format=json --json=diagnostic-rendered-ansi,artifacts,future-incompat --crate-type lib --emit=dep-info,metadata,link -C embed-bitcode=no --cfg 'feature="proc-macro"' --check-cfg 'cfg(docsrs,test)' --check-cfg 'cfg(feature, values("default", "proc-macro"))' -C metadata=424b0b766f22d744 -C extra-filename=-73b453af1d0fbf64 --out-dir /private/var/folders/6n/q9s0qd4d5b92jqqf9kk_0kdm0000gn/T/cargo-mutants-tapkey-1d1muD.tmp/target/debug/deps -L dependency=/private/var/folders/6n/q9s0qd4d5b92jqqf9kk_0kdm0000gn/T/cargo-mutants-tapkey-1d1muD.tmp/target/debug/deps --extern proc_macro2=/private/var/folders/6n/q9s0qd4d5b92jqqf9kk_0kdm0000gn/T/cargo-mutants-tapkey-1d1muD.tmp/target/debug/deps/libproc_macro2-003ab1cac2d08d7b.rmeta --cap-lints allow --check-cfg 'cfg(no_diagnostic_namespace)'`
   Compiling syn v3.0.4
     Running `/Users/zuevrs/.rustup/toolchains/stable-aarch64-apple-darwin/bin/rustc --crate-name syn --edition=2021 /Users/zuevrs/.cargo/registry/src/index.crates.io-1949cf8c6b5b557f/syn-3.0.4/src/lib.rs --error-format=json --json=diagnostic-rendered-ansi,artifacts,future-incompat --crate-type lib --emit=dep-info,metadata,link -C embed-bitcode=no --cfg 'feature="clone-impls"' --cfg 'feature="derive"' --cfg 'feature="parsing"' --cfg 'feature="printing"' --cfg 'feature="proc-macro"' --check-cfg 'cfg(docsrs,test)' --check-cfg 'cfg(feature, values("clone-impls", "default", "derive", "extra-traits", "fold", "full", "parsing", "printing", "proc-macro", "test", "visit", "visit-mut"))' -C metadata=82f77c390ae8daa9 -C extra-filename=-5c6f7a9f33cc6a56 --out-dir /private/var/folders/6n/q9s0qd4d5b92jqqf9kk_0kdm0000gn/T/cargo-mutants-tapkey-1d1muD.tmp/target/debug/deps -L dependency=/private/var/folders/6n/q9s0qd4d5b92jqqf9kk_0kdm0000gn/T/cargo-mutants-tapkey-1d1muD.tmp/target/debug/deps --extern proc_macro2=/private/var/folders/6n/q9s0qd4d5b92jqqf9kk_0kdm0000gn/T/cargo-mutants-tapkey-1d1muD.tmp/target/debug/deps/libproc_macro2-003ab1cac2d08d7b.rmeta --extern quote=/private/var/folders/6n/q9s0qd4d5b92jqqf9kk_0kdm0000gn/T/cargo-mutants-tapkey-1d1muD.tmp/target/debug/deps/libquote-73b453af1d0fbf64.rmeta --extern unicode_ident=/private/var/folders/6n/q9s0qd4d5b92jqqf9kk_0kdm0000gn/T/cargo-mutants-tapkey-1d1muD.tmp/target/debug/deps/libunicode_ident-eac911d12ba49da7.rmeta --cap-lints allow`
     Running `/Users/zuevrs/.rustup/toolchains/stable-aarch64-apple-darwin/bin/rustc --crate-name libc --edition=2021 /Users/zuevrs/.cargo/registry/src/index.crates.io-1949cf8c6b5b557f/libc-0.2.189/src/lib.rs --error-format=json --json=diagnostic-rendered-ansi,artifacts,future-incompat --crate-type lib --emit=dep-info,metadata,link -C embed-bitcode=no -C debuginfo=2 -C split-debuginfo=unpacked --allow=unused_qualifications '--warn=clippy::unnecessary_semicolon' '--allow=clippy::unnecessary_cast' '--warn=clippy::ptr_as_ptr' '--allow=clippy::non_minimal_cfg' '--allow=clippy::missing_safety_doc' '--warn=clippy::map_unwrap_or' '--warn=clippy::manual_assert' '--allow=clippy::identity_op' '--warn=clippy::explicit_iter_loop' --cfg 'feature="default"' --cfg 'feature="std"' --check-cfg 'cfg(docsrs,test)' --check-cfg 'cfg(feature, values("align", "const-extern-fn", "default", "extra_traits", "rustc-dep-of-std", "rustc-std-workspace-core", "std", "use_std"))' -C metadata=296f4372cff123ba -C extra-filename=-52bcda4c9f95e8a3 --out-dir /private/var/folders/6n/q9s0qd4d5b92jqqf9kk_0kdm0000gn/T/cargo-mutants-tapkey-1d1muD.tmp/target/debug/deps -L dependency=/private/var/folders/6n/q9s0qd4d5b92jqqf9kk_0kdm0000gn/T/cargo-mutants-tapkey-1d1muD.tmp/target/debug/deps --cap-lints allow --cfg freebsd12 --check-cfg 'cfg(emscripten_old_stat_abi)' --check-cfg 'cfg(espidf_picolibc)' --check-cfg 'cfg(espidf_time32)' --check-cfg 'cfg(freebsd10)' --check-cfg 'cfg(freebsd11)' --check-cfg 'cfg(freebsd12)' --check-cfg 'cfg(freebsd13)' --check-cfg 'cfg(freebsd14)' --check-cfg 'cfg(freebsd15)' --check-cfg 'cfg(gnu_file_offset_bits64)' --check-cfg 'cfg(gnu_time_bits64)' --check-cfg 'cfg(libc_deny_warnings)' --check-cfg 'cfg(linux_time_bits64)' --check-cfg 'cfg(musl_v1_2_3)' --check-cfg 'cfg(musl32_time64)' --check-cfg 'cfg(musl_redir_time64)' --check-cfg 'cfg(vxworks_lt_25_09)' --check-cfg 'cfg(libc_pauthtest)' --check-cfg 'cfg(target_os,values("switch","aix","ohos","hurd","rtems","visionos","nuttx","cygwin","qurt","qnx"))' --check-cfg 'cfg(target_env,values("illumos","wasi","aix","ohos","nto71_iosock"))' --check-cfg 'cfg(target_arch,values("loongarch64","mips32r6","mips64r6","csky"))'`
     Running `/Users/zuevrs/.rustup/toolchains/stable-aarch64-apple-darwin/bin/rustc --crate-name serde_json --edition=2021 /Users/zuevrs/.cargo/registry/src/index.crates.io-1949cf8c6b5b557f/serde_json-1.0.151/src/lib.rs --error-format=json --json=diagnostic-rendered-ansi,artifacts,future-incompat --crate-type lib --emit=dep-info,metadata,link -C embed-bitcode=no -C debuginfo=2 -C split-debuginfo=unpacked --cfg 'feature="default"' --cfg 'feature="std"' --check-cfg 'cfg(docsrs,test)' --check-cfg 'cfg(feature, values("alloc", "arbitrary_precision", "default", "float_roundtrip", "indexmap", "preserve_order", "raw_value", "std", "unbounded_depth"))' -C metadata=c5249ac73e6078b1 -C extra-filename=-3da50c024bae21cc --out-dir /private/var/folders/6n/q9s0qd4d5b92jqqf9kk_0kdm0000gn/T/cargo-mutants-tapkey-1d1muD.tmp/target/debug/deps -L dependency=/private/var/folders/6n/q9s0qd4d5b92jqqf9kk_0kdm0000gn/T/cargo-mutants-tapkey-1d1muD.tmp/target/debug/deps --extern itoa=/private/var/folders/6n/q9s0qd4d5b92jqqf9kk_0kdm0000gn/T/cargo-mutants-tapkey-1d1muD.tmp/target/debug/deps/libitoa-f7284ab401951f1b.rmeta --extern memchr=/private/var/folders/6n/q9s0qd4d5b92jqqf9kk_0kdm0000gn/T/cargo-mutants-tapkey-1d1muD.tmp/target/debug/deps/libmemchr-ffb38570b2073ab3.rmeta --extern serde_core=/private/var/folders/6n/q9s0qd4d5b92jqqf9kk_0kdm0000gn/T/cargo-mutants-tapkey-1d1muD.tmp/target/debug/deps/libserde_core-d1e829a701121e99.rmeta --extern zmij=/private/var/folders/6n/q9s0qd4d5b92jqqf9kk_0kdm0000gn/T/cargo-mutants-tapkey-1d1muD.tmp/target/debug/deps/libzmij-93188a36ad03fe0b.rmeta --cap-lints allow --cfg 'fast_arithmetic="64"' --check-cfg 'cfg(fast_arithmetic, values("32", "64"))'`
   Compiling serde_derive v1.0.229
     Running `/Users/zuevrs/.rustup/toolchains/stable-aarch64-apple-darwin/bin/rustc --crate-name serde_derive --edition=2021 /Users/zuevrs/.cargo/registry/src/index.crates.io-1949cf8c6b5b557f/serde_derive-1.0.229/src/lib.rs --error-format=json --json=diagnostic-rendered-ansi,artifacts,future-incompat --crate-type proc-macro --emit=dep-info,link -C prefer-dynamic -C embed-bitcode=no --cfg 'feature="default"' --check-cfg 'cfg(docsrs,test)' --check-cfg 'cfg(feature, values("default", "deserialize_in_place"))' -C metadata=f74029681a1b9a58 -C extra-filename=-f287bb4f7be5d8d8 --out-dir /private/var/folders/6n/q9s0qd4d5b92jqqf9kk_0kdm0000gn/T/cargo-mutants-tapkey-1d1muD.tmp/target/debug/deps -L dependency=/private/var/folders/6n/q9s0qd4d5b92jqqf9kk_0kdm0000gn/T/cargo-mutants-tapkey-1d1muD.tmp/target/debug/deps --extern proc_macro2=/private/var/folders/6n/q9s0qd4d5b92jqqf9kk_0kdm0000gn/T/cargo-mutants-tapkey-1d1muD.tmp/target/debug/deps/libproc_macro2-003ab1cac2d08d7b.rlib --extern quote=/private/var/folders/6n/q9s0qd4d5b92jqqf9kk_0kdm0000gn/T/cargo-mutants-tapkey-1d1muD.tmp/target/debug/deps/libquote-73b453af1d0fbf64.rlib --extern syn=/private/var/folders/6n/q9s0qd4d5b92jqqf9kk_0kdm0000gn/T/cargo-mutants-tapkey-1d1muD.tmp/target/debug/deps/libsyn-5c6f7a9f33cc6a56.rlib --extern proc_macro --cap-lints allow`
     Running `/Users/zuevrs/.rustup/toolchains/stable-aarch64-apple-darwin/bin/rustc --crate-name serde --edition=2021 /Users/zuevrs/.cargo/registry/src/index.crates.io-1949cf8c6b5b557f/serde-1.0.229/src/lib.rs --error-format=json --json=diagnostic-rendered-ansi,artifacts,future-incompat --crate-type lib --emit=dep-info,metadata,link -C embed-bitcode=no -C debuginfo=2 -C split-debuginfo=unpacked --cfg 'feature="default"' --cfg 'feature="derive"' --cfg 'feature="serde_derive"' --cfg 'feature="std"' --check-cfg 'cfg(docsrs,test)' --check-cfg 'cfg(feature, values("alloc", "default", "derive", "rc", "serde_derive", "std", "unstable"))' -C metadata=0d91e5772b2df7e2 -C extra-filename=-c05f824182859ef6 --out-dir /private/var/folders/6n/q9s0qd4d5b92jqqf9kk_0kdm0000gn/T/cargo-mutants-tapkey-1d1muD.tmp/target/debug/deps -L dependency=/private/var/folders/6n/q9s0qd4d5b92jqqf9kk_0kdm0000gn/T/cargo-mutants-tapkey-1d1muD.tmp/target/debug/deps --extern serde_core=/private/var/folders/6n/q9s0qd4d5b92jqqf9kk_0kdm0000gn/T/cargo-mutants-tapkey-1d1muD.tmp/target/debug/deps/libserde_core-d1e829a701121e99.rmeta --extern serde_derive=/private/var/folders/6n/q9s0qd4d5b92jqqf9kk_0kdm0000gn/T/cargo-mutants-tapkey-1d1muD.tmp/target/debug/deps/libserde_derive-f287bb4f7be5d8d8.dylib --cap-lints allow --cfg if_docsrs_then_no_serde_core --check-cfg 'cfg(feature, values("result"))' --check-cfg 'cfg(if_docsrs_then_no_serde_core)' --check-cfg 'cfg(no_core_cstr)' --check-cfg 'cfg(no_core_error)' --check-cfg 'cfg(no_core_net)' --check-cfg 'cfg(no_core_num_saturating)' --check-cfg 'cfg(no_diagnostic_namespace)' --check-cfg 'cfg(no_serde_derive)' --check-cfg 'cfg(no_std_atomic)' --check-cfg 'cfg(no_std_atomic64)' --check-cfg 'cfg(no_target_has_atomic)'`
   Compiling tapkey-core v0.0.0 (/private/var/folders/6n/q9s0qd4d5b92jqqf9kk_0kdm0000gn/T/cargo-mutants-tapkey-1d1muD.tmp/core)
     Running `/Users/zuevrs/.rustup/toolchains/stable-aarch64-apple-darwin/bin/rustc --crate-name tapkey_core --edition=2024 core/src/lib.rs --error-format=json --json=diagnostic-rendered-ansi,artifacts,future-incompat --crate-type lib --emit=dep-info,metadata,link -C embed-bitcode=no -C debuginfo=2 -C split-debuginfo=unpacked --check-cfg 'cfg(docsrs,test)' --check-cfg 'cfg(feature, values())' -C metadata=c06ea15570984b51 -C extra-filename=-5078980da336e94b --out-dir /private/var/folders/6n/q9s0qd4d5b92jqqf9kk_0kdm0000gn/T/cargo-mutants-tapkey-1d1muD.tmp/target/debug/deps -C incremental=/private/var/folders/6n/q9s0qd4d5b92jqqf9kk_0kdm0000gn/T/cargo-mutants-tapkey-1d1muD.tmp/target/debug/incremental -L dependency=/private/var/folders/6n/q9s0qd4d5b92jqqf9kk_0kdm0000gn/T/cargo-mutants-tapkey-1d1muD.tmp/target/debug/deps --extern libc=/private/var/folders/6n/q9s0qd4d5b92jqqf9kk_0kdm0000gn/T/cargo-mutants-tapkey-1d1muD.tmp/target/debug/deps/liblibc-52bcda4c9f95e8a3.rmeta --extern serde=/private/var/folders/6n/q9s0qd4d5b92jqqf9kk_0kdm0000gn/T/cargo-mutants-tapkey-1d1muD.tmp/target/debug/deps/libserde-c05f824182859ef6.rmeta --extern serde_json=/private/var/folders/6n/q9s0qd4d5b92jqqf9kk_0kdm0000gn/T/cargo-mutants-tapkey-1d1muD.tmp/target/debug/deps/libserde_json-3da50c024bae21cc.rmeta`
     Running `/Users/zuevrs/.rustup/toolchains/stable-aarch64-apple-darwin/bin/rustc --crate-name tapkey_core --edition=2024 core/src/lib.rs --error-format=json --json=diagnostic-rendered-ansi,artifacts,future-incompat --emit=dep-info,link -C embed-bitcode=no -C debuginfo=2 -C split-debuginfo=unpacked --test --check-cfg 'cfg(docsrs,test)' --check-cfg 'cfg(feature, values())' -C metadata=95e4743f2b1a6115 -C extra-filename=-94543ea788c9c71e --out-dir /private/var/folders/6n/q9s0qd4d5b92jqqf9kk_0kdm0000gn/T/cargo-mutants-tapkey-1d1muD.tmp/target/debug/deps -C incremental=/private/var/folders/6n/q9s0qd4d5b92jqqf9kk_0kdm0000gn/T/cargo-mutants-tapkey-1d1muD.tmp/target/debug/incremental -L dependency=/private/var/folders/6n/q9s0qd4d5b92jqqf9kk_0kdm0000gn/T/cargo-mutants-tapkey-1d1muD.tmp/target/debug/deps --extern libc=/private/var/folders/6n/q9s0qd4d5b92jqqf9kk_0kdm0000gn/T/cargo-mutants-tapkey-1d1muD.tmp/target/debug/deps/liblibc-52bcda4c9f95e8a3.rlib --extern serde=/private/var/folders/6n/q9s0qd4d5b92jqqf9kk_0kdm0000gn/T/cargo-mutants-tapkey-1d1muD.tmp/target/debug/deps/libserde-c05f824182859ef6.rlib --extern serde_json=/private/var/folders/6n/q9s0qd4d5b92jqqf9kk_0kdm0000gn/T/cargo-mutants-tapkey-1d1muD.tmp/target/debug/deps/libserde_json-3da50c024bae21cc.rlib`
warning: unused variable: `env`
  --> core/src/lib.rs:32:20
   |
32 | pub fn handle_with(env: &Env, request: &str) -> String {
   |                    ^^^ help: if this is intentional, prefix it with an underscore: `_env`
   |
   = note: `#[warn(unused_variables)]` (part of `#[warn(unused)]`) on by default

warning: unused variable: `request`
  --> core/src/lib.rs:32:31
   |
32 | pub fn handle_with(env: &Env, request: &str) -> String {
   |                               ^^^^^^^ help: if this is intentional, prefix it with an underscore: `_request`

warning: function `dispatch` is never used
  --> core/src/lib.rs:36:4
   |
36 | fn dispatch(env: &Env, request: &str) -> Response {
   |    ^^^^^^^^
   |
   = note: `#[warn(dead_code)]` (part of `#[warn(unused)]`) on by default

warning: function `refuse` is never used
  --> core/src/lib.rs:58:4
   |
58 | fn refuse(kind: &'static str, detail: String) -> Response {
   |    ^^^^^^

warning: `tapkey-core` (lib test) generated 4 warnings (4 duplicates)
warning: `tapkey-core` (lib) generated 4 warnings (run `cargo fix --lib -p tapkey-core` to apply 2 suggestions)
     Running `/Users/zuevrs/.rustup/toolchains/stable-aarch64-apple-darwin/bin/rustc --crate-name json_document --edition=2024 core/tests/json_document.rs --error-format=json --json=diagnostic-rendered-ansi,artifacts,future-incompat --emit=dep-info,link -C embed-bitcode=no -C debuginfo=2 -C split-debuginfo=unpacked --test --check-cfg 'cfg(docsrs,test)' --check-cfg 'cfg(feature, values())' -C metadata=4726bb25288aeb77 -C extra-filename=-c967480908e1c103 --out-dir /private/var/folders/6n/q9s0qd4d5b92jqqf9kk_0kdm0000gn/T/cargo-mutants-tapkey-1d1muD.tmp/target/debug/deps -C incremental=/private/var/folders/6n/q9s0qd4d5b92jqqf9kk_0kdm0000gn/T/cargo-mutants-tapkey-1d1muD.tmp/target/debug/incremental -L dependency=/private/var/folders/6n/q9s0qd4d5b92jqqf9kk_0kdm0000gn/T/cargo-mutants-tapkey-1d1muD.tmp/target/debug/deps --extern libc=/private/var/folders/6n/q9s0qd4d5b92jqqf9kk_0kdm0000gn/T/cargo-mutants-tapkey-1d1muD.tmp/target/debug/deps/liblibc-52bcda4c9f95e8a3.rlib --extern serde=/private/var/folders/6n/q9s0qd4d5b92jqqf9kk_0kdm0000gn/T/cargo-mutants-tapkey-1d1muD.tmp/target/debug/deps/libserde-c05f824182859ef6.rlib --extern serde_json=/private/var/folders/6n/q9s0qd4d5b92jqqf9kk_0kdm0000gn/T/cargo-mutants-tapkey-1d1muD.tmp/target/debug/deps/libserde_json-3da50c024bae21cc.rlib --extern tapkey_core=/private/var/folders/6n/q9s0qd4d5b92jqqf9kk_0kdm0000gn/T/cargo-mutants-tapkey-1d1muD.tmp/target/debug/deps/libtapkey_core-5078980da336e94b.rlib`
     Running `/Users/zuevrs/.rustup/toolchains/stable-aarch64-apple-darwin/bin/rustc --crate-name effective_state --edition=2024 core/tests/effective_state.rs --error-format=json --json=diagnostic-rendered-ansi,artifacts,future-incompat --emit=dep-info,link -C embed-bitcode=no -C debuginfo=2 -C split-debuginfo=unpacked --test --check-cfg 'cfg(docsrs,test)' --check-cfg 'cfg(feature, values())' -C metadata=225eddd1e001036e -C extra-filename=-bbbaf6288769a1ef --out-dir /private/var/folders/6n/q9s0qd4d5b92jqqf9kk_0kdm0000gn/T/cargo-mutants-tapkey-1d1muD.tmp/target/debug/deps -C incremental=/private/var/folders/6n/q9s0qd4d5b92jqqf9kk_0kdm0000gn/T/cargo-mutants-tapkey-1d1muD.tmp/target/debug/incremental -L dependency=/private/var/folders/6n/q9s0qd4d5b92jqqf9kk_0kdm0000gn/T/cargo-mutants-tapkey-1d1muD.tmp/target/debug/deps --extern libc=/private/var/folders/6n/q9s0qd4d5b92jqqf9kk_0kdm0000gn/T/cargo-mutants-tapkey-1d1muD.tmp/target/debug/deps/liblibc-52bcda4c9f95e8a3.rlib --extern serde=/private/var/folders/6n/q9s0qd4d5b92jqqf9kk_0kdm0000gn/T/cargo-mutants-tapkey-1d1muD.tmp/target/debug/deps/libserde-c05f824182859ef6.rlib --extern serde_json=/private/var/folders/6n/q9s0qd4d5b92jqqf9kk_0kdm0000gn/T/cargo-mutants-tapkey-1d1muD.tmp/target/debug/deps/libserde_json-3da50c024bae21cc.rlib --extern tapkey_core=/private/var/folders/6n/q9s0qd4d5b92jqqf9kk_0kdm0000gn/T/cargo-mutants-tapkey-1d1muD.tmp/target/debug/deps/libtapkey_core-5078980da336e94b.rlib`
     Running `/Users/zuevrs/.rustup/toolchains/stable-aarch64-apple-darwin/bin/rustc --crate-name atomic_write --edition=2024 core/tests/atomic_write.rs --error-format=json --json=diagnostic-rendered-ansi,artifacts,future-incompat --emit=dep-info,link -C embed-bitcode=no -C debuginfo=2 -C split-debuginfo=unpacked --test --check-cfg 'cfg(docsrs,test)' --check-cfg 'cfg(feature, values())' -C metadata=5feb7cc35822ba92 -C extra-filename=-ff704e3bde6af277 --out-dir /private/var/folders/6n/q9s0qd4d5b92jqqf9kk_0kdm0000gn/T/cargo-mutants-tapkey-1d1muD.tmp/target/debug/deps -C incremental=/private/var/folders/6n/q9s0qd4d5b92jqqf9kk_0kdm0000gn/T/cargo-mutants-tapkey-1d1muD.tmp/target/debug/incremental -L dependency=/private/var/folders/6n/q9s0qd4d5b92jqqf9kk_0kdm0000gn/T/cargo-mutants-tapkey-1d1muD.tmp/target/debug/deps --extern libc=/private/var/folders/6n/q9s0qd4d5b92jqqf9kk_0kdm0000gn/T/cargo-mutants-tapkey-1d1muD.tmp/target/debug/deps/liblibc-52bcda4c9f95e8a3.rlib --extern serde=/private/var/folders/6n/q9s0qd4d5b92jqqf9kk_0kdm0000gn/T/cargo-mutants-tapkey-1d1muD.tmp/target/debug/deps/libserde-c05f824182859ef6.rlib --extern serde_json=/private/var/folders/6n/q9s0qd4d5b92jqqf9kk_0kdm0000gn/T/cargo-mutants-tapkey-1d1muD.tmp/target/debug/deps/libserde_json-3da50c024bae21cc.rlib --extern tapkey_core=/private/var/folders/6n/q9s0qd4d5b92jqqf9kk_0kdm0000gn/T/cargo-mutants-tapkey-1d1muD.tmp/target/debug/deps/libtapkey_core-5078980da336e94b.rlib`
warning: struct `Machine` is never constructed
  --> core/tests/support/mod.rs:41:12
   |
41 | pub struct Machine {
   |            ^^^^^^^
   |
   = note: `#[warn(dead_code)]` (part of `#[warn(unused)]`) on by default

warning: multiple associated items are never used
   --> core/tests/support/mod.rs:47:12
    |
 46 | impl Machine {
    | ------------ associated items in this implementation
 47 |     pub fn new(label: &str) -> Self {
    |            ^^^
...
 56 |     pub fn project(&self) -> PathBuf {
    |            ^^^^^^^
...
 60 |     pub fn managed(&self) -> PathBuf {
    |            ^^^^^^^
...
 68 |     pub fn exporting(mut self, name: &str, value: ShellVar) -> Self {
    |            ^^^^^^^^^
...
 73 |     pub fn home(&self) -> PathBuf {
    |            ^^^^
...
 77 |     pub fn write_user_settings(&self, value: Value) {
    |            ^^^^^^^^^^^^^^^^^^^
...
 81 |     pub fn write_project_settings(&self, value: Value) {
    |            ^^^^^^^^^^^^^^^^^^^^^^
...
 85 |     pub fn write_project_local_settings(&self, value: Value) {
    |            ^^^^^^^^^^^^^^^^^^^^^^^^^^^^
...
 92 |     pub fn write_managed_settings(&self, value: Value) {
    |            ^^^^^^^^^^^^^^^^^^^^^^
...
 97 |     pub fn write_user_settings_raw(&self, bytes: &[u8]) {
    |            ^^^^^^^^^^^^^^^^^^^^^^^
...
103 |     pub fn env(&self) -> Env {
    |            ^^^

warning: function `write_json` is never used
   --> core/tests/support/mod.rs:111:4
    |
111 | fn write_json(path: &Path, value: Value) {
    |    ^^^^^^^^^^

warning: function `call` is never used
   --> core/tests/support/mod.rs:117:8
    |
117 | pub fn call(machine: &Machine, request: Value) -> Value {
    |        ^^^^

warning: `tapkey-core` (test "atomic_write") generated 4 warnings
    Finished `test` profile [unoptimized + debuginfo] target(s) in 5.17s
  Executable `/private/var/folders/6n/q9s0qd4d5b92jqqf9kk_0kdm0000gn/T/cargo-mutants-tapkey-1d1muD.tmp/target/debug/deps/tapkey_core-94543ea788c9c71e`
  Executable `/private/var/folders/6n/q9s0qd4d5b92jqqf9kk_0kdm0000gn/T/cargo-mutants-tapkey-1d1muD.tmp/target/debug/deps/atomic_write-ff704e3bde6af277`
  Executable `/private/var/folders/6n/q9s0qd4d5b92jqqf9kk_0kdm0000gn/T/cargo-mutants-tapkey-1d1muD.tmp/target/debug/deps/effective_state-bbbaf6288769a1ef`
  Executable `/private/var/folders/6n/q9s0qd4d5b92jqqf9kk_0kdm0000gn/T/cargo-mutants-tapkey-1d1muD.tmp/target/debug/deps/json_document-c967480908e1c103`

*** result: Success

*** /Users/zuevrs/.rustup/toolchains/stable-aarch64-apple-darwin/bin/cargo test --verbose --package=tapkey-core@0.0.0
       Fresh unicode-ident v1.0.24
       Fresh itoa v1.0.18
       Fresh memchr v2.8.3
       Fresh proc-macro2 v1.0.107
       Fresh quote v1.0.47
       Fresh serde_core v1.0.229
       Fresh zmij v1.0.23
       Fresh libc v0.2.189
       Fresh syn v3.0.4
       Fresh serde_json v1.0.151
       Fresh serde_derive v1.0.229
       Fresh serde v1.0.229
warning: unused variable: `env`
  --> core/src/lib.rs:32:20
   |
32 | pub fn handle_with(env: &Env, request: &str) -> String {
   |                    ^^^ help: if this is intentional, prefix it with an underscore: `_env`
   |
   = note: `#[warn(unused_variables)]` (part of `#[warn(unused)]`) on by default

warning: unused variable: `request`
  --> core/src/lib.rs:32:31
   |
32 | pub fn handle_with(env: &Env, request: &str) -> String {
   |                               ^^^^^^^ help: if this is intentional, prefix it with an underscore: `_request`

warning: function `dispatch` is never used
  --> core/src/lib.rs:36:4
   |
36 | fn dispatch(env: &Env, request: &str) -> Response {
   |    ^^^^^^^^
   |
   = note: `#[warn(dead_code)]` (part of `#[warn(unused)]`) on by default

warning: function `refuse` is never used
  --> core/src/lib.rs:58:4
   |
58 | fn refuse(kind: &'static str, detail: String) -> Response {
   |    ^^^^^^

warning: `tapkey-core` (lib) generated 4 warnings (run `cargo fix --lib -p tapkey-core` to apply 2 suggestions)
warning: `tapkey-core` (lib test) generated 4 warnings (4 duplicates)
warning: struct `Machine` is never constructed
  --> core/tests/support/mod.rs:41:12
   |
41 | pub struct Machine {
   |            ^^^^^^^
   |
   = note: `#[warn(dead_code)]` (part of `#[warn(unused)]`) on by default

warning: multiple associated items are never used
   --> core/tests/support/mod.rs:47:12
    |
 46 | impl Machine {
    | ------------ associated items in this implementation
 47 |     pub fn new(label: &str) -> Self {
    |            ^^^
...
 56 |     pub fn project(&self) -> PathBuf {
    |            ^^^^^^^
...
 60 |     pub fn managed(&self) -> PathBuf {
    |            ^^^^^^^
...
 68 |     pub fn exporting(mut self, name: &str, value: ShellVar) -> Self {
    |            ^^^^^^^^^
...
 73 |     pub fn home(&self) -> PathBuf {
    |            ^^^^
...
 77 |     pub fn write_user_settings(&self, value: Value) {
    |            ^^^^^^^^^^^^^^^^^^^
...
 81 |     pub fn write_project_settings(&self, value: Value) {
    |            ^^^^^^^^^^^^^^^^^^^^^^
...
 85 |     pub fn write_project_local_settings(&self, value: Value) {
    |            ^^^^^^^^^^^^^^^^^^^^^^^^^^^^
...
 92 |     pub fn write_managed_settings(&self, value: Value) {
    |            ^^^^^^^^^^^^^^^^^^^^^^
...
 97 |     pub fn write_user_settings_raw(&self, bytes: &[u8]) {
    |            ^^^^^^^^^^^^^^^^^^^^^^^
...
103 |     pub fn env(&self) -> Env {
    |            ^^^

warning: function `write_json` is never used
   --> core/tests/support/mod.rs:111:4
    |
111 | fn write_json(path: &Path, value: Value) {
    |    ^^^^^^^^^^

warning: function `call` is never used
   --> core/tests/support/mod.rs:117:8
    |
117 | pub fn call(machine: &Machine, request: Value) -> Value {
    |        ^^^^

       Fresh tapkey-core v0.0.0 (/private/var/folders/6n/q9s0qd4d5b92jqqf9kk_0kdm0000gn/T/cargo-mutants-tapkey-1d1muD.tmp/core)
warning: `tapkey-core` (test "atomic_write") generated 4 warnings
    Finished `test` profile [unoptimized + debuginfo] target(s) in 0.01s
     Running `/private/var/folders/6n/q9s0qd4d5b92jqqf9kk_0kdm0000gn/T/cargo-mutants-tapkey-1d1muD.tmp/target/debug/deps/tapkey_core-94543ea788c9c71e`

running 2 tests
test atomic::tests::the_temp_file_is_a_sibling_of_the_target ... ok
test tests::an_unknown_schema_version_is_refused_rather_than_guessed_at ... FAILED

failures:

---- tests::an_unknown_schema_version_is_refused_rather_than_guessed_at stdout ----

thread 'tests::an_unknown_schema_version_is_refused_rather_than_guessed_at' (16529387) panicked at core/src/lib.rs:76:9:

note: run with `RUST_BACKTRACE=1` environment variable to display a backtrace


failures:
    tests::an_unknown_schema_version_is_refused_rather_than_guessed_at

test result: FAILED. 1 passed; 1 failed; 0 ignored; 0 measured; 0 filtered out; finished in 0.00s

error: test failed, to rerun pass `-p tapkey-core --lib`

*** result: Failure(101)
