
*** core/src/lib.rs:25:5: replace handle -> String with String::new()

*** mutation diff:
--- core/src/lib.rs
+++ replace handle -> String with String::new()
@@ -17,17 +17,17 @@
 use env::Env;
 use wire::{Envelope, Failure, Request, Response};
 
 /// The schema version carried by every request and response.
 pub const SCHEMA_VERSION: u32 = 1;
 
 /// The one entry point: a JSON request in, a JSON response out.
 pub fn handle(request: &str) -> String {
-    handle_with(&Env::real(), request)
+    String::new() /* ~ changed by cargo-mutants ~ */
 }
 
 /// The same call, told what world it is acting in rather than going and finding one.
 ///
 /// This is the seam the tests and the fixture harness use. See ADR-0016: the public surface is
 /// still one string in and one string out.
 pub fn handle_with(env: &Env, request: &str) -> String {
     let response = dispatch(env, request);


*** /Users/zuevrs/.rustup/toolchains/stable-aarch64-apple-darwin/bin/cargo test --no-run --verbose --package=tapkey-core@0.0.0
       Fresh unicode-ident v1.0.24
       Fresh itoa v1.0.18
       Fresh memchr v2.8.3
       Fresh proc-macro2 v1.0.107
       Fresh quote v1.0.47
       Fresh serde_core v1.0.229
       Fresh zmij v1.0.23
       Fresh libc v0.2.189
       Fresh syn v3.0.4
       Fresh serde_json v1.0.151
       Fresh serde_derive v1.0.229
       Fresh serde v1.0.229
       Dirty tapkey-core v0.0.0 (/private/var/folders/6n/q9s0qd4d5b92jqqf9kk_0kdm0000gn/T/cargo-mutants-tapkey-VlxTMJ.tmp/core): the file `core/src/lib.rs` has changed (1787934065.824092219s, 2s after last build at 1787934063.848030342s)
   Compiling tapkey-core v0.0.0 (/private/var/folders/6n/q9s0qd4d5b92jqqf9kk_0kdm0000gn/T/cargo-mutants-tapkey-VlxTMJ.tmp/core)
     Running `/Users/zuevrs/.rustup/toolchains/stable-aarch64-apple-darwin/bin/rustc --crate-name tapkey_core --edition=2024 core/src/lib.rs --error-format=json --json=diagnostic-rendered-ansi,artifacts,future-incompat --emit=dep-info,link -C embed-bitcode=no -C debuginfo=2 -C split-debuginfo=unpacked --test --check-cfg 'cfg(docsrs,test)' --check-cfg 'cfg(feature, values())' -C metadata=95e4743f2b1a6115 -C extra-filename=-94543ea788c9c71e --out-dir /private/var/folders/6n/q9s0qd4d5b92jqqf9kk_0kdm0000gn/T/cargo-mutants-tapkey-VlxTMJ.tmp/target/debug/deps -C incremental=/private/var/folders/6n/q9s0qd4d5b92jqqf9kk_0kdm0000gn/T/cargo-mutants-tapkey-VlxTMJ.tmp/target/debug/incremental -L dependency=/private/var/folders/6n/q9s0qd4d5b92jqqf9kk_0kdm0000gn/T/cargo-mutants-tapkey-VlxTMJ.tmp/target/debug/deps --extern libc=/private/var/folders/6n/q9s0qd4d5b92jqqf9kk_0kdm0000gn/T/cargo-mutants-tapkey-VlxTMJ.tmp/target/debug/deps/liblibc-52bcda4c9f95e8a3.rlib --extern serde=/private/var/folders/6n/q9s0qd4d5b92jqqf9kk_0kdm0000gn/T/cargo-mutants-tapkey-VlxTMJ.tmp/target/debug/deps/libserde-c05f824182859ef6.rlib --extern serde_json=/private/var/folders/6n/q9s0qd4d5b92jqqf9kk_0kdm0000gn/T/cargo-mutants-tapkey-VlxTMJ.tmp/target/debug/deps/libserde_json-3da50c024bae21cc.rlib`
     Running `/Users/zuevrs/.rustup/toolchains/stable-aarch64-apple-darwin/bin/rustc --crate-name tapkey_core --edition=2024 core/src/lib.rs --error-format=json --json=diagnostic-rendered-ansi,artifacts,future-incompat --crate-type lib --emit=dep-info,metadata,link -C embed-bitcode=no -C debuginfo=2 -C split-debuginfo=unpacked --check-cfg 'cfg(docsrs,test)' --check-cfg 'cfg(feature, values())' -C metadata=c06ea15570984b51 -C extra-filename=-5078980da336e94b --out-dir /private/var/folders/6n/q9s0qd4d5b92jqqf9kk_0kdm0000gn/T/cargo-mutants-tapkey-VlxTMJ.tmp/target/debug/deps -C incremental=/private/var/folders/6n/q9s0qd4d5b92jqqf9kk_0kdm0000gn/T/cargo-mutants-tapkey-VlxTMJ.tmp/target/debug/incremental -L dependency=/private/var/folders/6n/q9s0qd4d5b92jqqf9kk_0kdm0000gn/T/cargo-mutants-tapkey-VlxTMJ.tmp/target/debug/deps --extern libc=/private/var/folders/6n/q9s0qd4d5b92jqqf9kk_0kdm0000gn/T/cargo-mutants-tapkey-VlxTMJ.tmp/target/debug/deps/liblibc-52bcda4c9f95e8a3.rmeta --extern serde=/private/var/folders/6n/q9s0qd4d5b92jqqf9kk_0kdm0000gn/T/cargo-mutants-tapkey-VlxTMJ.tmp/target/debug/deps/libserde-c05f824182859ef6.rmeta --extern serde_json=/private/var/folders/6n/q9s0qd4d5b92jqqf9kk_0kdm0000gn/T/cargo-mutants-tapkey-VlxTMJ.tmp/target/debug/deps/libserde_json-3da50c024bae21cc.rmeta`
warning: unused variable: `request`
  --> core/src/lib.rs:24:15
   |
24 | pub fn handle(request: &str) -> String {
   |               ^^^^^^^ help: if this is intentional, prefix it with an underscore: `_request`
   |
   = note: `#[warn(unused_variables)]` (part of `#[warn(unused)]`) on by default

warning: `tapkey-core` (lib) generated 1 warning (run `cargo fix --lib -p tapkey-core` to apply 1 suggestion)
     Running `/Users/zuevrs/.rustup/toolchains/stable-aarch64-apple-darwin/bin/rustc --crate-name atomic_write --edition=2024 core/tests/atomic_write.rs --error-format=json --json=diagnostic-rendered-ansi,artifacts,future-incompat --emit=dep-info,link -C embed-bitcode=no -C debuginfo=2 -C split-debuginfo=unpacked --test --check-cfg 'cfg(docsrs,test)' --check-cfg 'cfg(feature, values())' -C metadata=5feb7cc35822ba92 -C extra-filename=-ff704e3bde6af277 --out-dir /private/var/folders/6n/q9s0qd4d5b92jqqf9kk_0kdm0000gn/T/cargo-mutants-tapkey-VlxTMJ.tmp/target/debug/deps -C incremental=/private/var/folders/6n/q9s0qd4d5b92jqqf9kk_0kdm0000gn/T/cargo-mutants-tapkey-VlxTMJ.tmp/target/debug/incremental -L dependency=/private/var/folders/6n/q9s0qd4d5b92jqqf9kk_0kdm0000gn/T/cargo-mutants-tapkey-VlxTMJ.tmp/target/debug/deps --extern libc=/private/var/folders/6n/q9s0qd4d5b92jqqf9kk_0kdm0000gn/T/cargo-mutants-tapkey-VlxTMJ.tmp/target/debug/deps/liblibc-52bcda4c9f95e8a3.rlib --extern serde=/private/var/folders/6n/q9s0qd4d5b92jqqf9kk_0kdm0000gn/T/cargo-mutants-tapkey-VlxTMJ.tmp/target/debug/deps/libserde-c05f824182859ef6.rlib --extern serde_json=/private/var/folders/6n/q9s0qd4d5b92jqqf9kk_0kdm0000gn/T/cargo-mutants-tapkey-VlxTMJ.tmp/target/debug/deps/libserde_json-3da50c024bae21cc.rlib --extern tapkey_core=/private/var/folders/6n/q9s0qd4d5b92jqqf9kk_0kdm0000gn/T/cargo-mutants-tapkey-VlxTMJ.tmp/target/debug/deps/libtapkey_core-5078980da336e94b.rlib`
warning: `tapkey-core` (lib test) generated 1 warning (1 duplicate)
     Running `/Users/zuevrs/.rustup/toolchains/stable-aarch64-apple-darwin/bin/rustc --crate-name json_document --edition=2024 core/tests/json_document.rs --error-format=json --json=diagnostic-rendered-ansi,artifacts,future-incompat --emit=dep-info,link -C embed-bitcode=no -C debuginfo=2 -C split-debuginfo=unpacked --test --check-cfg 'cfg(docsrs,test)' --check-cfg 'cfg(feature, values())' -C metadata=4726bb25288aeb77 -C extra-filename=-c967480908e1c103 --out-dir /private/var/folders/6n/q9s0qd4d5b92jqqf9kk_0kdm0000gn/T/cargo-mutants-tapkey-VlxTMJ.tmp/target/debug/deps -C incremental=/private/var/folders/6n/q9s0qd4d5b92jqqf9kk_0kdm0000gn/T/cargo-mutants-tapkey-VlxTMJ.tmp/target/debug/incremental -L dependency=/private/var/folders/6n/q9s0qd4d5b92jqqf9kk_0kdm0000gn/T/cargo-mutants-tapkey-VlxTMJ.tmp/target/debug/deps --extern libc=/private/var/folders/6n/q9s0qd4d5b92jqqf9kk_0kdm0000gn/T/cargo-mutants-tapkey-VlxTMJ.tmp/target/debug/deps/liblibc-52bcda4c9f95e8a3.rlib --extern serde=/private/var/folders/6n/q9s0qd4d5b92jqqf9kk_0kdm0000gn/T/cargo-mutants-tapkey-VlxTMJ.tmp/target/debug/deps/libserde-c05f824182859ef6.rlib --extern serde_json=/private/var/folders/6n/q9s0qd4d5b92jqqf9kk_0kdm0000gn/T/cargo-mutants-tapkey-VlxTMJ.tmp/target/debug/deps/libserde_json-3da50c024bae21cc.rlib --extern tapkey_core=/private/var/folders/6n/q9s0qd4d5b92jqqf9kk_0kdm0000gn/T/cargo-mutants-tapkey-VlxTMJ.tmp/target/debug/deps/libtapkey_core-5078980da336e94b.rlib`
     Running `/Users/zuevrs/.rustup/toolchains/stable-aarch64-apple-darwin/bin/rustc --crate-name effective_state --edition=2024 core/tests/effective_state.rs --error-format=json --json=diagnostic-rendered-ansi,artifacts,future-incompat --emit=dep-info,link -C embed-bitcode=no -C debuginfo=2 -C split-debuginfo=unpacked --test --check-cfg 'cfg(docsrs,test)' --check-cfg 'cfg(feature, values())' -C metadata=225eddd1e001036e -C extra-filename=-bbbaf6288769a1ef --out-dir /private/var/folders/6n/q9s0qd4d5b92jqqf9kk_0kdm0000gn/T/cargo-mutants-tapkey-VlxTMJ.tmp/target/debug/deps -C incremental=/private/var/folders/6n/q9s0qd4d5b92jqqf9kk_0kdm0000gn/T/cargo-mutants-tapkey-VlxTMJ.tmp/target/debug/incremental -L dependency=/private/var/folders/6n/q9s0qd4d5b92jqqf9kk_0kdm0000gn/T/cargo-mutants-tapkey-VlxTMJ.tmp/target/debug/deps --extern libc=/private/var/folders/6n/q9s0qd4d5b92jqqf9kk_0kdm0000gn/T/cargo-mutants-tapkey-VlxTMJ.tmp/target/debug/deps/liblibc-52bcda4c9f95e8a3.rlib --extern serde=/private/var/folders/6n/q9s0qd4d5b92jqqf9kk_0kdm0000gn/T/cargo-mutants-tapkey-VlxTMJ.tmp/target/debug/deps/libserde-c05f824182859ef6.rlib --extern serde_json=/private/var/folders/6n/q9s0qd4d5b92jqqf9kk_0kdm0000gn/T/cargo-mutants-tapkey-VlxTMJ.tmp/target/debug/deps/libserde_json-3da50c024bae21cc.rlib --extern tapkey_core=/private/var/folders/6n/q9s0qd4d5b92jqqf9kk_0kdm0000gn/T/cargo-mutants-tapkey-VlxTMJ.tmp/target/debug/deps/libtapkey_core-5078980da336e94b.rlib`
    Finished `test` profile [unoptimized + debuginfo] target(s) in 0.64s
  Executable `/private/var/folders/6n/q9s0qd4d5b92jqqf9kk_0kdm0000gn/T/cargo-mutants-tapkey-VlxTMJ.tmp/target/debug/deps/tapkey_core-94543ea788c9c71e`
  Executable `/private/var/folders/6n/q9s0qd4d5b92jqqf9kk_0kdm0000gn/T/cargo-mutants-tapkey-VlxTMJ.tmp/target/debug/deps/atomic_write-ff704e3bde6af277`
  Executable `/private/var/folders/6n/q9s0qd4d5b92jqqf9kk_0kdm0000gn/T/cargo-mutants-tapkey-VlxTMJ.tmp/target/debug/deps/effective_state-bbbaf6288769a1ef`
  Executable `/private/var/folders/6n/q9s0qd4d5b92jqqf9kk_0kdm0000gn/T/cargo-mutants-tapkey-VlxTMJ.tmp/target/debug/deps/json_document-c967480908e1c103`

*** result: Success

*** /Users/zuevrs/.rustup/toolchains/stable-aarch64-apple-darwin/bin/cargo test --verbose --package=tapkey-core@0.0.0
       Fresh unicode-ident v1.0.24
       Fresh proc-macro2 v1.0.107
       Fresh quote v1.0.47
       Fresh syn v3.0.4
       Fresh serde_core v1.0.229
       Fresh serde_derive v1.0.229
       Fresh zmij v1.0.23
       Fresh memchr v2.8.3
       Fresh itoa v1.0.18
       Fresh serde_json v1.0.151
       Fresh serde v1.0.229
       Fresh libc v0.2.189
warning: unused variable: `request`
  --> core/src/lib.rs:24:15
   |
24 | pub fn handle(request: &str) -> String {
   |               ^^^^^^^ help: if this is intentional, prefix it with an underscore: `_request`
   |
   = note: `#[warn(unused_variables)]` (part of `#[warn(unused)]`) on by default

warning: `tapkey-core` (lib) generated 1 warning (run `cargo fix --lib -p tapkey-core` to apply 1 suggestion)
       Fresh tapkey-core v0.0.0 (/private/var/folders/6n/q9s0qd4d5b92jqqf9kk_0kdm0000gn/T/cargo-mutants-tapkey-VlxTMJ.tmp/core)
warning: `tapkey-core` (lib test) generated 1 warning (1 duplicate)
    Finished `test` profile [unoptimized + debuginfo] target(s) in 0.01s
     Running `/private/var/folders/6n/q9s0qd4d5b92jqqf9kk_0kdm0000gn/T/cargo-mutants-tapkey-VlxTMJ.tmp/target/debug/deps/tapkey_core-94543ea788c9c71e`

running 3 tests
test atomic::tests::the_temp_file_is_a_sibling_of_the_target ... ok
test tests::an_unknown_schema_version_is_refused_rather_than_guessed_at ... ok
test tests::the_public_entry_point_answers_with_json_even_when_the_request_is_nonsense ... FAILED

failures:

---- tests::the_public_entry_point_answers_with_json_even_when_the_request_is_nonsense stdout ----

thread 'tests::the_public_entry_point_answers_with_json_even_when_the_request_is_nonsense' (16544334) panicked at core/src/lib.rs:83:68:
a JSON response: Error("EOF while parsing a value", line: 1, column: 0)
note: run with `RUST_BACKTRACE=1` environment variable to display a backtrace


failures:
    tests::the_public_entry_point_answers_with_json_even_when_the_request_is_nonsense

test result: FAILED. 2 passed; 1 failed; 0 ignored; 0 measured; 0 filtered out; finished in 0.00s

error: test failed, to rerun pass `-p tapkey-core --lib`

*** result: Failure(101)
