
*** core/src/env.rs:97:9: replace Env::project -> Option<&Path> with None

*** mutation diff:
--- core/src/env.rs
+++ replace Env::project -> Option<&Path> with None
@@ -89,17 +89,17 @@
     }
 
     #[allow(dead_code)]
     pub fn store(&self) -> &Path {
         &self.store
     }
 
     pub fn project(&self) -> Option<&Path> {
-        self.project.as_deref()
+        None /* ~ changed by cargo-mutants ~ */
     }
 
     pub fn managed(&self) -> &Path {
         &self.managed
     }
 
     /// What the login shell exports under `name`, if anything.
     pub fn shell_var(&self, name: &str) -> Option<&ShellVar> {


*** /Users/zuevrs/.rustup/toolchains/stable-aarch64-apple-darwin/bin/cargo test --no-run --verbose --package=tapkey-core@0.0.0
       Fresh unicode-ident v1.0.24
       Fresh itoa v1.0.18
       Fresh memchr v2.8.3
       Fresh proc-macro2 v1.0.107
       Fresh quote v1.0.47
       Fresh serde_core v1.0.229
       Fresh zmij v1.0.23
       Fresh libc v0.2.189
       Fresh syn v3.0.4
       Fresh serde_json v1.0.151
       Fresh serde_derive v1.0.229
       Fresh serde v1.0.229
       Dirty tapkey-core v0.0.0 (/private/var/folders/6n/q9s0qd4d5b92jqqf9kk_0kdm0000gn/T/cargo-mutants-tapkey-h5qLcz.tmp/core): couldn't read metadata for file `target/debug/deps/libtapkey_core-5078980da336e94b.rlib`
   Compiling tapkey-core v0.0.0 (/private/var/folders/6n/q9s0qd4d5b92jqqf9kk_0kdm0000gn/T/cargo-mutants-tapkey-h5qLcz.tmp/core)
     Running `/Users/zuevrs/.rustup/toolchains/stable-aarch64-apple-darwin/bin/rustc --crate-name tapkey_core --edition=2024 core/src/lib.rs --error-format=json --json=diagnostic-rendered-ansi,artifacts,future-incompat --emit=dep-info,link -C embed-bitcode=no -C debuginfo=2 -C split-debuginfo=unpacked --test --check-cfg 'cfg(docsrs,test)' --check-cfg 'cfg(feature, values())' -C metadata=95e4743f2b1a6115 -C extra-filename=-94543ea788c9c71e --out-dir /private/var/folders/6n/q9s0qd4d5b92jqqf9kk_0kdm0000gn/T/cargo-mutants-tapkey-h5qLcz.tmp/target/debug/deps -C incremental=/private/var/folders/6n/q9s0qd4d5b92jqqf9kk_0kdm0000gn/T/cargo-mutants-tapkey-h5qLcz.tmp/target/debug/incremental -L dependency=/private/var/folders/6n/q9s0qd4d5b92jqqf9kk_0kdm0000gn/T/cargo-mutants-tapkey-h5qLcz.tmp/target/debug/deps --extern libc=/private/var/folders/6n/q9s0qd4d5b92jqqf9kk_0kdm0000gn/T/cargo-mutants-tapkey-h5qLcz.tmp/target/debug/deps/liblibc-52bcda4c9f95e8a3.rlib --extern serde=/private/var/folders/6n/q9s0qd4d5b92jqqf9kk_0kdm0000gn/T/cargo-mutants-tapkey-h5qLcz.tmp/target/debug/deps/libserde-c05f824182859ef6.rlib --extern serde_json=/private/var/folders/6n/q9s0qd4d5b92jqqf9kk_0kdm0000gn/T/cargo-mutants-tapkey-h5qLcz.tmp/target/debug/deps/libserde_json-3da50c024bae21cc.rlib`
     Running `/Users/zuevrs/.rustup/toolchains/stable-aarch64-apple-darwin/bin/rustc --crate-name tapkey_core --edition=2024 core/src/lib.rs --error-format=json --json=diagnostic-rendered-ansi,artifacts,future-incompat --crate-type lib --emit=dep-info,metadata,link -C embed-bitcode=no -C debuginfo=2 -C split-debuginfo=unpacked --check-cfg 'cfg(docsrs,test)' --check-cfg 'cfg(feature, values())' -C metadata=c06ea15570984b51 -C extra-filename=-5078980da336e94b --out-dir /private/var/folders/6n/q9s0qd4d5b92jqqf9kk_0kdm0000gn/T/cargo-mutants-tapkey-h5qLcz.tmp/target/debug/deps -C incremental=/private/var/folders/6n/q9s0qd4d5b92jqqf9kk_0kdm0000gn/T/cargo-mutants-tapkey-h5qLcz.tmp/target/debug/incremental -L dependency=/private/var/folders/6n/q9s0qd4d5b92jqqf9kk_0kdm0000gn/T/cargo-mutants-tapkey-h5qLcz.tmp/target/debug/deps --extern libc=/private/var/folders/6n/q9s0qd4d5b92jqqf9kk_0kdm0000gn/T/cargo-mutants-tapkey-h5qLcz.tmp/target/debug/deps/liblibc-52bcda4c9f95e8a3.rmeta --extern serde=/private/var/folders/6n/q9s0qd4d5b92jqqf9kk_0kdm0000gn/T/cargo-mutants-tapkey-h5qLcz.tmp/target/debug/deps/libserde-c05f824182859ef6.rmeta --extern serde_json=/private/var/folders/6n/q9s0qd4d5b92jqqf9kk_0kdm0000gn/T/cargo-mutants-tapkey-h5qLcz.tmp/target/debug/deps/libserde_json-3da50c024bae21cc.rmeta`
     Running `/Users/zuevrs/.rustup/toolchains/stable-aarch64-apple-darwin/bin/rustc --crate-name effective_state --edition=2024 core/tests/effective_state.rs --error-format=json --json=diagnostic-rendered-ansi,artifacts,future-incompat --emit=dep-info,link -C embed-bitcode=no -C debuginfo=2 -C split-debuginfo=unpacked --test --check-cfg 'cfg(docsrs,test)' --check-cfg 'cfg(feature, values())' -C metadata=225eddd1e001036e -C extra-filename=-bbbaf6288769a1ef --out-dir /private/var/folders/6n/q9s0qd4d5b92jqqf9kk_0kdm0000gn/T/cargo-mutants-tapkey-h5qLcz.tmp/target/debug/deps -C incremental=/private/var/folders/6n/q9s0qd4d5b92jqqf9kk_0kdm0000gn/T/cargo-mutants-tapkey-h5qLcz.tmp/target/debug/incremental -L dependency=/private/var/folders/6n/q9s0qd4d5b92jqqf9kk_0kdm0000gn/T/cargo-mutants-tapkey-h5qLcz.tmp/target/debug/deps --extern libc=/private/var/folders/6n/q9s0qd4d5b92jqqf9kk_0kdm0000gn/T/cargo-mutants-tapkey-h5qLcz.tmp/target/debug/deps/liblibc-52bcda4c9f95e8a3.rlib --extern serde=/private/var/folders/6n/q9s0qd4d5b92jqqf9kk_0kdm0000gn/T/cargo-mutants-tapkey-h5qLcz.tmp/target/debug/deps/libserde-c05f824182859ef6.rlib --extern serde_json=/private/var/folders/6n/q9s0qd4d5b92jqqf9kk_0kdm0000gn/T/cargo-mutants-tapkey-h5qLcz.tmp/target/debug/deps/libserde_json-3da50c024bae21cc.rlib --extern tapkey_core=/private/var/folders/6n/q9s0qd4d5b92jqqf9kk_0kdm0000gn/T/cargo-mutants-tapkey-h5qLcz.tmp/target/debug/deps/libtapkey_core-5078980da336e94b.rlib`
     Running `/Users/zuevrs/.rustup/toolchains/stable-aarch64-apple-darwin/bin/rustc --crate-name json_document --edition=2024 core/tests/json_document.rs --error-format=json --json=diagnostic-rendered-ansi,artifacts,future-incompat --emit=dep-info,link -C embed-bitcode=no -C debuginfo=2 -C split-debuginfo=unpacked --test --check-cfg 'cfg(docsrs,test)' --check-cfg 'cfg(feature, values())' -C metadata=4726bb25288aeb77 -C extra-filename=-c967480908e1c103 --out-dir /private/var/folders/6n/q9s0qd4d5b92jqqf9kk_0kdm0000gn/T/cargo-mutants-tapkey-h5qLcz.tmp/target/debug/deps -C incremental=/private/var/folders/6n/q9s0qd4d5b92jqqf9kk_0kdm0000gn/T/cargo-mutants-tapkey-h5qLcz.tmp/target/debug/incremental -L dependency=/private/var/folders/6n/q9s0qd4d5b92jqqf9kk_0kdm0000gn/T/cargo-mutants-tapkey-h5qLcz.tmp/target/debug/deps --extern libc=/private/var/folders/6n/q9s0qd4d5b92jqqf9kk_0kdm0000gn/T/cargo-mutants-tapkey-h5qLcz.tmp/target/debug/deps/liblibc-52bcda4c9f95e8a3.rlib --extern serde=/private/var/folders/6n/q9s0qd4d5b92jqqf9kk_0kdm0000gn/T/cargo-mutants-tapkey-h5qLcz.tmp/target/debug/deps/libserde-c05f824182859ef6.rlib --extern serde_json=/private/var/folders/6n/q9s0qd4d5b92jqqf9kk_0kdm0000gn/T/cargo-mutants-tapkey-h5qLcz.tmp/target/debug/deps/libserde_json-3da50c024bae21cc.rlib --extern tapkey_core=/private/var/folders/6n/q9s0qd4d5b92jqqf9kk_0kdm0000gn/T/cargo-mutants-tapkey-h5qLcz.tmp/target/debug/deps/libtapkey_core-5078980da336e94b.rlib`
     Running `/Users/zuevrs/.rustup/toolchains/stable-aarch64-apple-darwin/bin/rustc --crate-name atomic_write --edition=2024 core/tests/atomic_write.rs --error-format=json --json=diagnostic-rendered-ansi,artifacts,future-incompat --emit=dep-info,link -C embed-bitcode=no -C debuginfo=2 -C split-debuginfo=unpacked --test --check-cfg 'cfg(docsrs,test)' --check-cfg 'cfg(feature, values())' -C metadata=5feb7cc35822ba92 -C extra-filename=-ff704e3bde6af277 --out-dir /private/var/folders/6n/q9s0qd4d5b92jqqf9kk_0kdm0000gn/T/cargo-mutants-tapkey-h5qLcz.tmp/target/debug/deps -C incremental=/private/var/folders/6n/q9s0qd4d5b92jqqf9kk_0kdm0000gn/T/cargo-mutants-tapkey-h5qLcz.tmp/target/debug/incremental -L dependency=/private/var/folders/6n/q9s0qd4d5b92jqqf9kk_0kdm0000gn/T/cargo-mutants-tapkey-h5qLcz.tmp/target/debug/deps --extern libc=/private/var/folders/6n/q9s0qd4d5b92jqqf9kk_0kdm0000gn/T/cargo-mutants-tapkey-h5qLcz.tmp/target/debug/deps/liblibc-52bcda4c9f95e8a3.rlib --extern serde=/private/var/folders/6n/q9s0qd4d5b92jqqf9kk_0kdm0000gn/T/cargo-mutants-tapkey-h5qLcz.tmp/target/debug/deps/libserde-c05f824182859ef6.rlib --extern serde_json=/private/var/folders/6n/q9s0qd4d5b92jqqf9kk_0kdm0000gn/T/cargo-mutants-tapkey-h5qLcz.tmp/target/debug/deps/libserde_json-3da50c024bae21cc.rlib --extern tapkey_core=/private/var/folders/6n/q9s0qd4d5b92jqqf9kk_0kdm0000gn/T/cargo-mutants-tapkey-h5qLcz.tmp/target/debug/deps/libtapkey_core-5078980da336e94b.rlib`
warning: struct `Machine` is never constructed
  --> core/tests/support/mod.rs:41:12
   |
41 | pub struct Machine {
   |            ^^^^^^^
   |
   = note: `#[warn(dead_code)]` (part of `#[warn(unused)]`) on by default

warning: multiple associated items are never used
   --> core/tests/support/mod.rs:47:12
    |
 46 | impl Machine {
    | ------------ associated items in this implementation
 47 |     pub fn new(label: &str) -> Self {
    |            ^^^
...
 56 |     pub fn project(&self) -> PathBuf {
    |            ^^^^^^^
...
 60 |     pub fn managed(&self) -> PathBuf {
    |            ^^^^^^^
...
 68 |     pub fn exporting(mut self, name: &str, value: ShellVar) -> Self {
    |            ^^^^^^^^^
...
 73 |     pub fn home(&self) -> PathBuf {
    |            ^^^^
...
 77 |     pub fn write_user_settings(&self, value: Value) {
    |            ^^^^^^^^^^^^^^^^^^^
...
 81 |     pub fn write_project_settings(&self, value: Value) {
    |            ^^^^^^^^^^^^^^^^^^^^^^
...
 85 |     pub fn write_project_local_settings(&self, value: Value) {
    |            ^^^^^^^^^^^^^^^^^^^^^^^^^^^^
...
 92 |     pub fn write_managed_settings(&self, value: Value) {
    |            ^^^^^^^^^^^^^^^^^^^^^^
...
 97 |     pub fn write_user_settings_raw(&self, bytes: &[u8]) {
    |            ^^^^^^^^^^^^^^^^^^^^^^^
...
103 |     pub fn env(&self) -> Env {
    |            ^^^

warning: function `write_json` is never used
   --> core/tests/support/mod.rs:111:4
    |
111 | fn write_json(path: &Path, value: Value) {
    |    ^^^^^^^^^^

warning: function `call` is never used
   --> core/tests/support/mod.rs:117:8
    |
117 | pub fn call(machine: &Machine, request: Value) -> Value {
    |        ^^^^

warning: `tapkey-core` (test "atomic_write") generated 4 warnings
    Finished `test` profile [unoptimized + debuginfo] target(s) in 0.67s
  Executable `/private/var/folders/6n/q9s0qd4d5b92jqqf9kk_0kdm0000gn/T/cargo-mutants-tapkey-h5qLcz.tmp/target/debug/deps/tapkey_core-94543ea788c9c71e`
  Executable `/private/var/folders/6n/q9s0qd4d5b92jqqf9kk_0kdm0000gn/T/cargo-mutants-tapkey-h5qLcz.tmp/target/debug/deps/atomic_write-ff704e3bde6af277`
  Executable `/private/var/folders/6n/q9s0qd4d5b92jqqf9kk_0kdm0000gn/T/cargo-mutants-tapkey-h5qLcz.tmp/target/debug/deps/effective_state-bbbaf6288769a1ef`
  Executable `/private/var/folders/6n/q9s0qd4d5b92jqqf9kk_0kdm0000gn/T/cargo-mutants-tapkey-h5qLcz.tmp/target/debug/deps/json_document-c967480908e1c103`

*** result: Success

*** /Users/zuevrs/.rustup/toolchains/stable-aarch64-apple-darwin/bin/cargo test --verbose --package=tapkey-core@0.0.0
       Fresh unicode-ident v1.0.24
       Fresh proc-macro2 v1.0.107
       Fresh quote v1.0.47
       Fresh serde_core v1.0.229
       Fresh zmij v1.0.23
       Fresh itoa v1.0.18
       Fresh memchr v2.8.3
       Fresh syn v3.0.4
       Fresh serde_json v1.0.151
       Fresh libc v0.2.189
       Fresh serde_derive v1.0.229
       Fresh serde v1.0.229
warning: struct `Machine` is never constructed
  --> core/tests/support/mod.rs:41:12
   |
41 | pub struct Machine {
   |            ^^^^^^^
   |
   = note: `#[warn(dead_code)]` (part of `#[warn(unused)]`) on by default

warning: multiple associated items are never used
   --> core/tests/support/mod.rs:47:12
    |
 46 | impl Machine {
    | ------------ associated items in this implementation
 47 |     pub fn new(label: &str) -> Self {
    |            ^^^
...
 56 |     pub fn project(&self) -> PathBuf {
    |            ^^^^^^^
...
 60 |     pub fn managed(&self) -> PathBuf {
    |            ^^^^^^^
...
 68 |     pub fn exporting(mut self, name: &str, value: ShellVar) -> Self {
    |            ^^^^^^^^^
...
 73 |     pub fn home(&self) -> PathBuf {
    |            ^^^^
...
 77 |     pub fn write_user_settings(&self, value: Value) {
    |            ^^^^^^^^^^^^^^^^^^^
...
 81 |     pub fn write_project_settings(&self, value: Value) {
    |            ^^^^^^^^^^^^^^^^^^^^^^
...
 85 |     pub fn write_project_local_settings(&self, value: Value) {
    |            ^^^^^^^^^^^^^^^^^^^^^^^^^^^^
...
 92 |     pub fn write_managed_settings(&self, value: Value) {
    |            ^^^^^^^^^^^^^^^^^^^^^^
...
 97 |     pub fn write_user_settings_raw(&self, bytes: &[u8]) {
    |            ^^^^^^^^^^^^^^^^^^^^^^^
...
103 |     pub fn env(&self) -> Env {
    |            ^^^

warning: function `write_json` is never used
   --> core/tests/support/mod.rs:111:4
    |
111 | fn write_json(path: &Path, value: Value) {
    |    ^^^^^^^^^^

warning: function `call` is never used
   --> core/tests/support/mod.rs:117:8
    |
117 | pub fn call(machine: &Machine, request: Value) -> Value {
    |        ^^^^

       Fresh tapkey-core v0.0.0 (/private/var/folders/6n/q9s0qd4d5b92jqqf9kk_0kdm0000gn/T/cargo-mutants-tapkey-h5qLcz.tmp/core)
warning: `tapkey-core` (test "atomic_write") generated 4 warnings
    Finished `test` profile [unoptimized + debuginfo] target(s) in 0.02s
     Running `/private/var/folders/6n/q9s0qd4d5b92jqqf9kk_0kdm0000gn/T/cargo-mutants-tapkey-h5qLcz.tmp/target/debug/deps/tapkey_core-94543ea788c9c71e`

running 2 tests
test atomic::tests::the_temp_file_is_a_sibling_of_the_target ... ok
test tests::an_unknown_schema_version_is_refused_rather_than_guessed_at ... ok

test result: ok. 2 passed; 0 failed; 0 ignored; 0 measured; 0 filtered out; finished in 0.00s

     Running `/private/var/folders/6n/q9s0qd4d5b92jqqf9kk_0kdm0000gn/T/cargo-mutants-tapkey-h5qLcz.tmp/target/debug/deps/atomic_write-ff704e3bde6af277`

running 8 tests
test leaves_no_debris_when_the_write_fails_after_the_temp_file_exists ... ok
test refuses_when_the_destination_directory_cannot_be_written_even_if_the_file_can ... ok
test writes_the_bytes_to_a_new_file ... ok
test a_new_file_is_created_at_the_requested_mode ... ok
test replaces_the_contents_of_an_existing_file ... ok
test an_existing_file_keeps_the_mode_it_had ... ok
test follows_a_symlink_instead_of_replacing_it ... ok
test resolves_a_relative_symlink_against_the_directory_holding_it ... ok

test result: ok. 8 passed; 0 failed; 0 ignored; 0 measured; 0 filtered out; finished in 0.08s

     Running `/private/var/folders/6n/q9s0qd4d5b92jqqf9kk_0kdm0000gn/T/cargo-mutants-tapkey-h5qLcz.tmp/target/debug/deps/effective_state-bbbaf6288769a1ef`

running 10 tests
test a_shell_export_wins_when_no_file_has_an_opinion ... ok
test the_shell_link_says_how_it_was_obtained ... ok
test the_chain_is_ordered_by_precedence_even_when_scopes_are_absent ... ok
test a_settings_file_beats_a_shell_export ... ok
test a_duplicate_key_refuses_the_whole_read ... ok
test scopes_that_cannot_be_observed_are_named_rather_than_omitted ... ok
test reports_the_endpoint_a_user_settings_file_sets ... ok
test project_local_outranks_the_shared_project_file ... FAILED
test a_project_config_outranks_the_user_file_and_the_chain_names_both ... FAILED
test managed_settings_outrank_everything_on_disk ... ok

failures:

---- project_local_outranks_the_shared_project_file stdout ----

thread 'project_local_outranks_the_shared_project_file' (16532674) panicked at core/tests/effective_state.rs:68:5:
assertion `left == right` failed
  left: Null
 right: String("https://local.test")
note: run with `RUST_BACKTRACE=1` environment variable to display a backtrace

---- a_project_config_outranks_the_user_file_and_the_chain_names_both stdout ----

thread 'a_project_config_outranks_the_user_file_and_the_chain_names_both' (16532670) panicked at core/tests/effective_state.rs:47:5:
assertion `left == right` failed
  left: String("https://user.test")
 right: String("https://project.test")


failures:
    a_project_config_outranks_the_user_file_and_the_chain_names_both
    project_local_outranks_the_shared_project_file

test result: FAILED. 8 passed; 2 failed; 0 ignored; 0 measured; 0 filtered out; finished in 0.00s

error: test failed, to rerun pass `-p tapkey-core --test effective_state`

*** result: Failure(101)
