
*** core/src/store.rs:183:9: replace Store::restore_plan -> io::Result<Vec<RestoreAction>> with Ok(vec![Default::default()])

*** mutation diff:
--- core/src/store.rs
+++ replace Store::restore_plan -> io::Result<Vec<RestoreAction>> with Ok(vec![Default::default()])
@@ -175,33 +175,17 @@
             });
         }
         out.sort_by(|a, b| a.id.cmp(&b.id));
         Ok(out)
     }
 
     /// What going back to `target` would do to the filesystem.
     pub fn restore_plan(&self, target: Target) -> io::Result<Vec<RestoreAction>> {
-        let dir = match target {
-            Target::Snapshot => self.snapshot_dir(),
-            Target::Backup(id) => self.backups_dir().join(&id.0),
-        };
-        let manifest = read_manifest(&dir.join("manifest.json"))?;
-        manifest
-            .files
-            .into_iter()
-            .map(|e| match e.stored {
-                Some(name) => Ok(RestoreAction::Write {
-                    bytes: fs::read(dir.join("files").join(name))?,
-                    path: e.path,
-                    mode: e.mode,
-                }),
-                None => Ok(RestoreAction::Delete { path: e.path }),
-            })
-            .collect()
+        Ok(vec![Default::default()]) /* ~ changed by cargo-mutants ~ */
     }
 
     /// Two ceilings, both binding, oldest first. Fifty guards against a long history, fifty
     /// megabytes against one enormous config, and each alone misses what the other catches.
     /// The snapshot is not counted and not reachable: counting it would let a large one evict
     /// the whole history, or make it the suspect when the budget is reached.
     pub fn sweep(&self, max_backups: usize, max_bytes: u64) -> io::Result<()> {
         let listed = self.backups()?; // oldest first, and sweeps torn writes on the way


*** /Users/zuevrs/.rustup/toolchains/stable-aarch64-apple-darwin/bin/cargo test --no-run --verbose --package=tapkey-core@0.0.0
       Fresh unicode-ident v1.0.24
       Fresh itoa v1.0.18
       Fresh memchr v2.8.3
       Fresh proc-macro2 v1.0.107
       Fresh quote v1.0.47
       Fresh serde_core v1.0.229
       Fresh zmij v1.0.23
       Fresh libc v0.2.189
       Fresh syn v3.0.4
       Fresh serde_json v1.0.151
       Fresh serde_derive v1.0.229
       Fresh serde v1.0.229
       Dirty tapkey-core v0.0.0 (/private/var/folders/6n/q9s0qd4d5b92jqqf9kk_0kdm0000gn/T/cargo-mutants-tapkey-laEHSp.tmp/core): the file `core/src/store.rs` has changed (1787935236.624235245s, 6s after last build at 1787935230.720003000s)
   Compiling tapkey-core v0.0.0 (/private/var/folders/6n/q9s0qd4d5b92jqqf9kk_0kdm0000gn/T/cargo-mutants-tapkey-laEHSp.tmp/core)
     Running `/Users/zuevrs/.rustup/toolchains/stable-aarch64-apple-darwin/bin/rustc --crate-name tapkey_core --edition=2024 core/src/lib.rs --error-format=json --json=diagnostic-rendered-ansi,artifacts,future-incompat --emit=dep-info,link -C embed-bitcode=no -C debuginfo=2 -C split-debuginfo=unpacked --test --check-cfg 'cfg(docsrs,test)' --check-cfg 'cfg(feature, values())' -C metadata=95e4743f2b1a6115 -C extra-filename=-94543ea788c9c71e --out-dir /private/var/folders/6n/q9s0qd4d5b92jqqf9kk_0kdm0000gn/T/cargo-mutants-tapkey-laEHSp.tmp/target/debug/deps -C incremental=/private/var/folders/6n/q9s0qd4d5b92jqqf9kk_0kdm0000gn/T/cargo-mutants-tapkey-laEHSp.tmp/target/debug/incremental -L dependency=/private/var/folders/6n/q9s0qd4d5b92jqqf9kk_0kdm0000gn/T/cargo-mutants-tapkey-laEHSp.tmp/target/debug/deps --extern libc=/private/var/folders/6n/q9s0qd4d5b92jqqf9kk_0kdm0000gn/T/cargo-mutants-tapkey-laEHSp.tmp/target/debug/deps/liblibc-52bcda4c9f95e8a3.rlib --extern serde=/private/var/folders/6n/q9s0qd4d5b92jqqf9kk_0kdm0000gn/T/cargo-mutants-tapkey-laEHSp.tmp/target/debug/deps/libserde-c05f824182859ef6.rlib --extern serde_json=/private/var/folders/6n/q9s0qd4d5b92jqqf9kk_0kdm0000gn/T/cargo-mutants-tapkey-laEHSp.tmp/target/debug/deps/libserde_json-3da50c024bae21cc.rlib`
     Running `/Users/zuevrs/.rustup/toolchains/stable-aarch64-apple-darwin/bin/rustc --crate-name tapkey_core --edition=2024 core/src/lib.rs --error-format=json --json=diagnostic-rendered-ansi,artifacts,future-incompat --crate-type lib --emit=dep-info,metadata,link -C embed-bitcode=no -C debuginfo=2 -C split-debuginfo=unpacked --check-cfg 'cfg(docsrs,test)' --check-cfg 'cfg(feature, values())' -C metadata=c06ea15570984b51 -C extra-filename=-5078980da336e94b --out-dir /private/var/folders/6n/q9s0qd4d5b92jqqf9kk_0kdm0000gn/T/cargo-mutants-tapkey-laEHSp.tmp/target/debug/deps -C incremental=/private/var/folders/6n/q9s0qd4d5b92jqqf9kk_0kdm0000gn/T/cargo-mutants-tapkey-laEHSp.tmp/target/debug/incremental -L dependency=/private/var/folders/6n/q9s0qd4d5b92jqqf9kk_0kdm0000gn/T/cargo-mutants-tapkey-laEHSp.tmp/target/debug/deps --extern libc=/private/var/folders/6n/q9s0qd4d5b92jqqf9kk_0kdm0000gn/T/cargo-mutants-tapkey-laEHSp.tmp/target/debug/deps/liblibc-52bcda4c9f95e8a3.rmeta --extern serde=/private/var/folders/6n/q9s0qd4d5b92jqqf9kk_0kdm0000gn/T/cargo-mutants-tapkey-laEHSp.tmp/target/debug/deps/libserde-c05f824182859ef6.rmeta --extern serde_json=/private/var/folders/6n/q9s0qd4d5b92jqqf9kk_0kdm0000gn/T/cargo-mutants-tapkey-laEHSp.tmp/target/debug/deps/libserde_json-3da50c024bae21cc.rmeta`
error[E0277]: the trait bound `RestoreAction: Default` is not satisfied
   --> core/src/store.rs:183:17
    |
183 |         Ok(vec![Default::default()]) /* ~ changed by cargo-mutants ~ */
    |                 ^^^^^^^^^^^^^^^^^^ unsatisfied trait bound
    |
help: the trait `Default` is not implemented for `RestoreAction`
   --> core/src/store.rs:33:1
    |
 33 | pub enum RestoreAction {
    | ^^^^^^^^^^^^^^^^^^^^^^

For more information about this error, try `rustc --explain E0277`.
error: could not compile `tapkey-core` (lib) due to 1 previous error

Caused by:
  process didn't exit successfully: `/Users/zuevrs/.rustup/toolchains/stable-aarch64-apple-darwin/bin/rustc --crate-name tapkey_core --edition=2024 core/src/lib.rs --error-format=json --json=diagnostic-rendered-ansi,artifacts,future-incompat --crate-type lib --emit=dep-info,metadata,link -C embed-bitcode=no -C debuginfo=2 -C split-debuginfo=unpacked --check-cfg 'cfg(docsrs,test)' --check-cfg 'cfg(feature, values())' -C metadata=c06ea15570984b51 -C extra-filename=-5078980da336e94b --out-dir /private/var/folders/6n/q9s0qd4d5b92jqqf9kk_0kdm0000gn/T/cargo-mutants-tapkey-laEHSp.tmp/target/debug/deps -C incremental=/private/var/folders/6n/q9s0qd4d5b92jqqf9kk_0kdm0000gn/T/cargo-mutants-tapkey-laEHSp.tmp/target/debug/incremental -L dependency=/private/var/folders/6n/q9s0qd4d5b92jqqf9kk_0kdm0000gn/T/cargo-mutants-tapkey-laEHSp.tmp/target/debug/deps --extern libc=/private/var/folders/6n/q9s0qd4d5b92jqqf9kk_0kdm0000gn/T/cargo-mutants-tapkey-laEHSp.tmp/target/debug/deps/liblibc-52bcda4c9f95e8a3.rmeta --extern serde=/private/var/folders/6n/q9s0qd4d5b92jqqf9kk_0kdm0000gn/T/cargo-mutants-tapkey-laEHSp.tmp/target/debug/deps/libserde-c05f824182859ef6.rmeta --extern serde_json=/private/var/folders/6n/q9s0qd4d5b92jqqf9kk_0kdm0000gn/T/cargo-mutants-tapkey-laEHSp.tmp/target/debug/deps/libserde_json-3da50c024bae21cc.rmeta` (exit status: 1)
warning: build failed, waiting for other jobs to finish...
error: could not compile `tapkey-core` (lib test) due to 1 previous error

Caused by:
  process didn't exit successfully: `/Users/zuevrs/.rustup/toolchains/stable-aarch64-apple-darwin/bin/rustc --crate-name tapkey_core --edition=2024 core/src/lib.rs --error-format=json --json=diagnostic-rendered-ansi,artifacts,future-incompat --emit=dep-info,link -C embed-bitcode=no -C debuginfo=2 -C split-debuginfo=unpacked --test --check-cfg 'cfg(docsrs,test)' --check-cfg 'cfg(feature, values())' -C metadata=95e4743f2b1a6115 -C extra-filename=-94543ea788c9c71e --out-dir /private/var/folders/6n/q9s0qd4d5b92jqqf9kk_0kdm0000gn/T/cargo-mutants-tapkey-laEHSp.tmp/target/debug/deps -C incremental=/private/var/folders/6n/q9s0qd4d5b92jqqf9kk_0kdm0000gn/T/cargo-mutants-tapkey-laEHSp.tmp/target/debug/incremental -L dependency=/private/var/folders/6n/q9s0qd4d5b92jqqf9kk_0kdm0000gn/T/cargo-mutants-tapkey-laEHSp.tmp/target/debug/deps --extern libc=/private/var/folders/6n/q9s0qd4d5b92jqqf9kk_0kdm0000gn/T/cargo-mutants-tapkey-laEHSp.tmp/target/debug/deps/liblibc-52bcda4c9f95e8a3.rlib --extern serde=/private/var/folders/6n/q9s0qd4d5b92jqqf9kk_0kdm0000gn/T/cargo-mutants-tapkey-laEHSp.tmp/target/debug/deps/libserde-c05f824182859ef6.rlib --extern serde_json=/private/var/folders/6n/q9s0qd4d5b92jqqf9kk_0kdm0000gn/T/cargo-mutants-tapkey-laEHSp.tmp/target/debug/deps/libserde_json-3da50c024bae21cc.rlib` (exit status: 1)

*** result: Failure(101)
