
*** core/src/json.rs:257:9: replace Parser<'a>::array -> Result<Node, Error> with Ok(Default::default())

*** mutation diff:
--- core/src/json.rs
+++ replace Parser<'a>::array -> Result<Node, Error> with Ok(Default::default())
@@ -249,39 +249,17 @@
                 Some(b',') => self.i += 1,
                 Some(b'}') => {}
                 _ => return Err(self.error("a comma or a closing brace was expected")),
             }
         }
     }
 
     fn array(&mut self) -> Result<Node, Error> {
-        let start = self.i;
-        self.i += 1; // '['
-        loop {
-            self.skip_whitespace();
-            match self.b.get(self.i) {
-                Some(b']') => {
-                    self.i += 1;
-                    return Ok(Node::Opaque {
-                        span: start..self.i,
-                        is_string: false,
-                    });
-                }
-                None => return Err(self.error("an unterminated array")),
-                _ => {}
-            }
-            self.value()?;
-            self.skip_whitespace();
-            match self.b.get(self.i) {
-                Some(b',') => self.i += 1,
-                Some(b']') => {}
-                _ => return Err(self.error("a comma or a closing bracket was expected")),
-            }
-        }
+        Ok(Default::default()) /* ~ changed by cargo-mutants ~ */
     }
 
     fn string(&mut self) -> Result<String, Error> {
         if self.b.get(self.i) != Some(&b'"') {
             return Err(self.error("a string was expected"));
         }
         self.i += 1;
         let mut out = String::new();


*** /Users/zuevrs/.rustup/toolchains/stable-aarch64-apple-darwin/bin/cargo test --no-run --verbose --package=tapkey-core@0.0.0
       Fresh libc v0.2.189
       Dirty tapkey-core v0.0.0 (/private/var/folders/6n/q9s0qd4d5b92jqqf9kk_0kdm0000gn/T/cargo-mutants-tapkey-pYcYLd.tmp/core): the file `core/src/json.rs` has changed (1787933424.319015702s, 4s after last build at 1787933420.089186724s)
   Compiling tapkey-core v0.0.0 (/private/var/folders/6n/q9s0qd4d5b92jqqf9kk_0kdm0000gn/T/cargo-mutants-tapkey-pYcYLd.tmp/core)
     Running `/Users/zuevrs/.rustup/toolchains/stable-aarch64-apple-darwin/bin/rustc --crate-name tapkey_core --edition=2024 core/src/lib.rs --error-format=json --json=diagnostic-rendered-ansi,artifacts,future-incompat --crate-type lib --emit=dep-info,metadata,link -C embed-bitcode=no -C debuginfo=2 -C split-debuginfo=unpacked --check-cfg 'cfg(docsrs,test)' --check-cfg 'cfg(feature, values())' -C metadata=9105275b8aef62b4 -C extra-filename=-0d7cc80528a209b4 --out-dir /private/var/folders/6n/q9s0qd4d5b92jqqf9kk_0kdm0000gn/T/cargo-mutants-tapkey-pYcYLd.tmp/target/debug/deps -C incremental=/private/var/folders/6n/q9s0qd4d5b92jqqf9kk_0kdm0000gn/T/cargo-mutants-tapkey-pYcYLd.tmp/target/debug/incremental -L dependency=/private/var/folders/6n/q9s0qd4d5b92jqqf9kk_0kdm0000gn/T/cargo-mutants-tapkey-pYcYLd.tmp/target/debug/deps --extern libc=/private/var/folders/6n/q9s0qd4d5b92jqqf9kk_0kdm0000gn/T/cargo-mutants-tapkey-pYcYLd.tmp/target/debug/deps/liblibc-52bcda4c9f95e8a3.rmeta`
     Running `/Users/zuevrs/.rustup/toolchains/stable-aarch64-apple-darwin/bin/rustc --crate-name tapkey_core --edition=2024 core/src/lib.rs --error-format=json --json=diagnostic-rendered-ansi,artifacts,future-incompat --emit=dep-info,link -C embed-bitcode=no -C debuginfo=2 -C split-debuginfo=unpacked --test --check-cfg 'cfg(docsrs,test)' --check-cfg 'cfg(feature, values())' -C metadata=7a405cffd96d514b -C extra-filename=-565f42156525e2da --out-dir /private/var/folders/6n/q9s0qd4d5b92jqqf9kk_0kdm0000gn/T/cargo-mutants-tapkey-pYcYLd.tmp/target/debug/deps -C incremental=/private/var/folders/6n/q9s0qd4d5b92jqqf9kk_0kdm0000gn/T/cargo-mutants-tapkey-pYcYLd.tmp/target/debug/incremental -L dependency=/private/var/folders/6n/q9s0qd4d5b92jqqf9kk_0kdm0000gn/T/cargo-mutants-tapkey-pYcYLd.tmp/target/debug/deps --extern libc=/private/var/folders/6n/q9s0qd4d5b92jqqf9kk_0kdm0000gn/T/cargo-mutants-tapkey-pYcYLd.tmp/target/debug/deps/liblibc-52bcda4c9f95e8a3.rlib`
error[E0277]: the trait bound `Node: Default` is not satisfied
   --> core/src/json.rs:257:12
    |
257 |         Ok(Default::default()) /* ~ changed by cargo-mutants ~ */
    |            ^^^^^^^^^^^^^^^^^^ unsatisfied trait bound
    |
help: the trait `Default` is not implemented for `Node`
   --> core/src/json.rs:36:1
    |
 36 | enum Node {
    | ^^^^^^^^^

For more information about this error, try `rustc --explain E0277`.
error: could not compile `tapkey-core` (lib test) due to 1 previous error

Caused by:
  process didn't exit successfully: `/Users/zuevrs/.rustup/toolchains/stable-aarch64-apple-darwin/bin/rustc --crate-name tapkey_core --edition=2024 core/src/lib.rs --error-format=json --json=diagnostic-rendered-ansi,artifacts,future-incompat --emit=dep-info,link -C embed-bitcode=no -C debuginfo=2 -C split-debuginfo=unpacked --test --check-cfg 'cfg(docsrs,test)' --check-cfg 'cfg(feature, values())' -C metadata=7a405cffd96d514b -C extra-filename=-565f42156525e2da --out-dir /private/var/folders/6n/q9s0qd4d5b92jqqf9kk_0kdm0000gn/T/cargo-mutants-tapkey-pYcYLd.tmp/target/debug/deps -C incremental=/private/var/folders/6n/q9s0qd4d5b92jqqf9kk_0kdm0000gn/T/cargo-mutants-tapkey-pYcYLd.tmp/target/debug/incremental -L dependency=/private/var/folders/6n/q9s0qd4d5b92jqqf9kk_0kdm0000gn/T/cargo-mutants-tapkey-pYcYLd.tmp/target/debug/deps --extern libc=/private/var/folders/6n/q9s0qd4d5b92jqqf9kk_0kdm0000gn/T/cargo-mutants-tapkey-pYcYLd.tmp/target/debug/deps/liblibc-52bcda4c9f95e8a3.rlib` (exit status: 1)
warning: build failed, waiting for other jobs to finish...
error: could not compile `tapkey-core` (lib) due to 1 previous error

Caused by:
  process didn't exit successfully: `/Users/zuevrs/.rustup/toolchains/stable-aarch64-apple-darwin/bin/rustc --crate-name tapkey_core --edition=2024 core/src/lib.rs --error-format=json --json=diagnostic-rendered-ansi,artifacts,future-incompat --crate-type lib --emit=dep-info,metadata,link -C embed-bitcode=no -C debuginfo=2 -C split-debuginfo=unpacked --check-cfg 'cfg(docsrs,test)' --check-cfg 'cfg(feature, values())' -C metadata=9105275b8aef62b4 -C extra-filename=-0d7cc80528a209b4 --out-dir /private/var/folders/6n/q9s0qd4d5b92jqqf9kk_0kdm0000gn/T/cargo-mutants-tapkey-pYcYLd.tmp/target/debug/deps -C incremental=/private/var/folders/6n/q9s0qd4d5b92jqqf9kk_0kdm0000gn/T/cargo-mutants-tapkey-pYcYLd.tmp/target/debug/incremental -L dependency=/private/var/folders/6n/q9s0qd4d5b92jqqf9kk_0kdm0000gn/T/cargo-mutants-tapkey-pYcYLd.tmp/target/debug/deps --extern libc=/private/var/folders/6n/q9s0qd4d5b92jqqf9kk_0kdm0000gn/T/cargo-mutants-tapkey-pYcYLd.tmp/target/debug/deps/liblibc-52bcda4c9f95e8a3.rmeta` (exit status: 1)

*** result: Failure(101)
