
*** core/src/store.rs:273:5: replace read_manifest -> io::Result<Manifest> with Ok(Default::default())

*** mutation diff:
--- core/src/store.rs
+++ replace read_manifest -> io::Result<Manifest> with Ok(Default::default())
@@ -265,30 +265,17 @@
         files: entries,
     };
     let bytes = serde_json::to_vec_pretty(&manifest)
         .map_err(|e| io::Error::new(io::ErrorKind::InvalidData, e))?;
     write_atomically(&dir.join("manifest.json"), &bytes, FILE_MODE)
 }
 
 fn read_manifest(path: &Path) -> io::Result<Manifest> {
-    let bytes = fs::read(path)?;
-    let manifest: Manifest = serde_json::from_slice(&bytes)
-        .map_err(|e| io::Error::new(io::ErrorKind::InvalidData, e))?;
-    if manifest.version > MANIFEST_VERSION {
-        // A version from the future is kept and marked, never reinterpreted by guesswork.
-        return Err(io::Error::new(
-            io::ErrorKind::InvalidData,
-            format!(
-                "manifest version {} is newer than this build reads",
-                manifest.version
-            ),
-        ));
-    }
-    Ok(manifest)
+    Ok(Default::default()) /* ~ changed by cargo-mutants ~ */
 }
 
 fn create_dir_closed(path: &Path) -> io::Result<()> {
     fs::create_dir_all(path)?;
     set_dir_mode(path)
 }
 
 #[cfg(unix)]


*** /Users/zuevrs/.rustup/toolchains/stable-aarch64-apple-darwin/bin/cargo test --no-run --verbose --package=tapkey-core@0.0.0
       Fresh unicode-ident v1.0.24
       Fresh proc-macro2 v1.0.107
       Fresh quote v1.0.47
       Fresh syn v3.0.4
       Fresh serde_core v1.0.229
       Fresh serde_derive v1.0.229
       Fresh zmij v1.0.23
       Fresh itoa v1.0.18
       Fresh memchr v2.8.3
       Fresh serde_json v1.0.151
       Fresh serde v1.0.229
       Fresh libc v0.2.189
       Dirty tapkey-core v0.0.0 (/private/var/folders/6n/q9s0qd4d5b92jqqf9kk_0kdm0000gn/T/cargo-mutants-tapkey-YQvUSQ.tmp/core): the file `core/src/store.rs` has changed (1787935261.693054737s, 6s after last build at 1787935255.755300490s)
   Compiling tapkey-core v0.0.0 (/private/var/folders/6n/q9s0qd4d5b92jqqf9kk_0kdm0000gn/T/cargo-mutants-tapkey-YQvUSQ.tmp/core)
     Running `/Users/zuevrs/.rustup/toolchains/stable-aarch64-apple-darwin/bin/rustc --crate-name tapkey_core --edition=2024 core/src/lib.rs --error-format=json --json=diagnostic-rendered-ansi,artifacts,future-incompat --crate-type lib --emit=dep-info,metadata,link -C embed-bitcode=no -C debuginfo=2 -C split-debuginfo=unpacked --check-cfg 'cfg(docsrs,test)' --check-cfg 'cfg(feature, values())' -C metadata=c06ea15570984b51 -C extra-filename=-5078980da336e94b --out-dir /private/var/folders/6n/q9s0qd4d5b92jqqf9kk_0kdm0000gn/T/cargo-mutants-tapkey-YQvUSQ.tmp/target/debug/deps -C incremental=/private/var/folders/6n/q9s0qd4d5b92jqqf9kk_0kdm0000gn/T/cargo-mutants-tapkey-YQvUSQ.tmp/target/debug/incremental -L dependency=/private/var/folders/6n/q9s0qd4d5b92jqqf9kk_0kdm0000gn/T/cargo-mutants-tapkey-YQvUSQ.tmp/target/debug/deps --extern libc=/private/var/folders/6n/q9s0qd4d5b92jqqf9kk_0kdm0000gn/T/cargo-mutants-tapkey-YQvUSQ.tmp/target/debug/deps/liblibc-52bcda4c9f95e8a3.rmeta --extern serde=/private/var/folders/6n/q9s0qd4d5b92jqqf9kk_0kdm0000gn/T/cargo-mutants-tapkey-YQvUSQ.tmp/target/debug/deps/libserde-c05f824182859ef6.rmeta --extern serde_json=/private/var/folders/6n/q9s0qd4d5b92jqqf9kk_0kdm0000gn/T/cargo-mutants-tapkey-YQvUSQ.tmp/target/debug/deps/libserde_json-3da50c024bae21cc.rmeta`
     Running `/Users/zuevrs/.rustup/toolchains/stable-aarch64-apple-darwin/bin/rustc --crate-name tapkey_core --edition=2024 core/src/lib.rs --error-format=json --json=diagnostic-rendered-ansi,artifacts,future-incompat --emit=dep-info,link -C embed-bitcode=no -C debuginfo=2 -C split-debuginfo=unpacked --test --check-cfg 'cfg(docsrs,test)' --check-cfg 'cfg(feature, values())' -C metadata=95e4743f2b1a6115 -C extra-filename=-94543ea788c9c71e --out-dir /private/var/folders/6n/q9s0qd4d5b92jqqf9kk_0kdm0000gn/T/cargo-mutants-tapkey-YQvUSQ.tmp/target/debug/deps -C incremental=/private/var/folders/6n/q9s0qd4d5b92jqqf9kk_0kdm0000gn/T/cargo-mutants-tapkey-YQvUSQ.tmp/target/debug/incremental -L dependency=/private/var/folders/6n/q9s0qd4d5b92jqqf9kk_0kdm0000gn/T/cargo-mutants-tapkey-YQvUSQ.tmp/target/debug/deps --extern libc=/private/var/folders/6n/q9s0qd4d5b92jqqf9kk_0kdm0000gn/T/cargo-mutants-tapkey-YQvUSQ.tmp/target/debug/deps/liblibc-52bcda4c9f95e8a3.rlib --extern serde=/private/var/folders/6n/q9s0qd4d5b92jqqf9kk_0kdm0000gn/T/cargo-mutants-tapkey-YQvUSQ.tmp/target/debug/deps/libserde-c05f824182859ef6.rlib --extern serde_json=/private/var/folders/6n/q9s0qd4d5b92jqqf9kk_0kdm0000gn/T/cargo-mutants-tapkey-YQvUSQ.tmp/target/debug/deps/libserde_json-3da50c024bae21cc.rlib`
error[E0277]: the trait bound `Manifest: Default` is not satisfied
   --> core/src/store.rs:273:8
    |
273 |     Ok(Default::default()) /* ~ changed by cargo-mutants ~ */
    |        ^^^^^^^^^^^^^^^^^^ the trait `Default` is not implemented for `Manifest`
    |
help: consider annotating `Manifest` with `#[derive(Default)]`
    |
 79 + #[derive(Default)]
 80 | struct Manifest {
    |

For more information about this error, try `rustc --explain E0277`.
error: could not compile `tapkey-core` (lib) due to 1 previous error

Caused by:
  process didn't exit successfully: `/Users/zuevrs/.rustup/toolchains/stable-aarch64-apple-darwin/bin/rustc --crate-name tapkey_core --edition=2024 core/src/lib.rs --error-format=json --json=diagnostic-rendered-ansi,artifacts,future-incompat --crate-type lib --emit=dep-info,metadata,link -C embed-bitcode=no -C debuginfo=2 -C split-debuginfo=unpacked --check-cfg 'cfg(docsrs,test)' --check-cfg 'cfg(feature, values())' -C metadata=c06ea15570984b51 -C extra-filename=-5078980da336e94b --out-dir /private/var/folders/6n/q9s0qd4d5b92jqqf9kk_0kdm0000gn/T/cargo-mutants-tapkey-YQvUSQ.tmp/target/debug/deps -C incremental=/private/var/folders/6n/q9s0qd4d5b92jqqf9kk_0kdm0000gn/T/cargo-mutants-tapkey-YQvUSQ.tmp/target/debug/incremental -L dependency=/private/var/folders/6n/q9s0qd4d5b92jqqf9kk_0kdm0000gn/T/cargo-mutants-tapkey-YQvUSQ.tmp/target/debug/deps --extern libc=/private/var/folders/6n/q9s0qd4d5b92jqqf9kk_0kdm0000gn/T/cargo-mutants-tapkey-YQvUSQ.tmp/target/debug/deps/liblibc-52bcda4c9f95e8a3.rmeta --extern serde=/private/var/folders/6n/q9s0qd4d5b92jqqf9kk_0kdm0000gn/T/cargo-mutants-tapkey-YQvUSQ.tmp/target/debug/deps/libserde-c05f824182859ef6.rmeta --extern serde_json=/private/var/folders/6n/q9s0qd4d5b92jqqf9kk_0kdm0000gn/T/cargo-mutants-tapkey-YQvUSQ.tmp/target/debug/deps/libserde_json-3da50c024bae21cc.rmeta` (exit status: 1)
warning: build failed, waiting for other jobs to finish...
error: could not compile `tapkey-core` (lib test) due to 1 previous error

Caused by:
  process didn't exit successfully: `/Users/zuevrs/.rustup/toolchains/stable-aarch64-apple-darwin/bin/rustc --crate-name tapkey_core --edition=2024 core/src/lib.rs --error-format=json --json=diagnostic-rendered-ansi,artifacts,future-incompat --emit=dep-info,link -C embed-bitcode=no -C debuginfo=2 -C split-debuginfo=unpacked --test --check-cfg 'cfg(docsrs,test)' --check-cfg 'cfg(feature, values())' -C metadata=95e4743f2b1a6115 -C extra-filename=-94543ea788c9c71e --out-dir /private/var/folders/6n/q9s0qd4d5b92jqqf9kk_0kdm0000gn/T/cargo-mutants-tapkey-YQvUSQ.tmp/target/debug/deps -C incremental=/private/var/folders/6n/q9s0qd4d5b92jqqf9kk_0kdm0000gn/T/cargo-mutants-tapkey-YQvUSQ.tmp/target/debug/incremental -L dependency=/private/var/folders/6n/q9s0qd4d5b92jqqf9kk_0kdm0000gn/T/cargo-mutants-tapkey-YQvUSQ.tmp/target/debug/deps --extern libc=/private/var/folders/6n/q9s0qd4d5b92jqqf9kk_0kdm0000gn/T/cargo-mutants-tapkey-YQvUSQ.tmp/target/debug/deps/liblibc-52bcda4c9f95e8a3.rlib --extern serde=/private/var/folders/6n/q9s0qd4d5b92jqqf9kk_0kdm0000gn/T/cargo-mutants-tapkey-YQvUSQ.tmp/target/debug/deps/libserde-c05f824182859ef6.rlib --extern serde_json=/private/var/folders/6n/q9s0qd4d5b92jqqf9kk_0kdm0000gn/T/cargo-mutants-tapkey-YQvUSQ.tmp/target/debug/deps/libserde_json-3da50c024bae21cc.rlib` (exit status: 1)

*** result: Failure(101)
