
*** core/src/env.rs:97:9: replace Env::project -> Option<&Path> with Some(Box::leak(Box::new(Default::default())))

*** mutation diff:
--- core/src/env.rs
+++ replace Env::project -> Option<&Path> with Some(Box::leak(Box::new(Default::default())))
@@ -89,17 +89,17 @@
     }
 
     #[allow(dead_code)]
     pub fn store(&self) -> &Path {
         &self.store
     }
 
     pub fn project(&self) -> Option<&Path> {
-        self.project.as_deref()
+        Some(Box::leak(Box::new(Default::default()))) /* ~ changed by cargo-mutants ~ */
     }
 
     pub fn managed(&self) -> &Path {
         &self.managed
     }
 
     /// What the login shell exports under `name`, if anything.
     pub fn shell_var(&self, name: &str) -> Option<&ShellVar> {


*** /Users/zuevrs/.rustup/toolchains/stable-aarch64-apple-darwin/bin/cargo test --no-run --verbose --package=tapkey-core@0.0.0
       Fresh unicode-ident v1.0.24
       Fresh proc-macro2 v1.0.107
       Fresh quote v1.0.47
       Fresh serde_core v1.0.229
       Fresh zmij v1.0.23
       Fresh syn v3.0.4
       Fresh memchr v2.8.3
       Fresh itoa v1.0.18
       Fresh libc v0.2.189
       Fresh serde_derive v1.0.229
       Fresh serde_json v1.0.151
       Fresh serde v1.0.229
       Dirty tapkey-core v0.0.0 (/private/var/folders/6n/q9s0qd4d5b92jqqf9kk_0kdm0000gn/T/cargo-mutants-tapkey-M4jB7c.tmp/core): the file `core/src/lib.rs` has changed (1787934006.902260525s, 876323581ns after last build at 1787934006.025936944s)
   Compiling tapkey-core v0.0.0 (/private/var/folders/6n/q9s0qd4d5b92jqqf9kk_0kdm0000gn/T/cargo-mutants-tapkey-M4jB7c.tmp/core)
     Running `/Users/zuevrs/.rustup/toolchains/stable-aarch64-apple-darwin/bin/rustc --crate-name tapkey_core --edition=2024 core/src/lib.rs --error-format=json --json=diagnostic-rendered-ansi,artifacts,future-incompat --emit=dep-info,link -C embed-bitcode=no -C debuginfo=2 -C split-debuginfo=unpacked --test --check-cfg 'cfg(docsrs,test)' --check-cfg 'cfg(feature, values())' -C metadata=95e4743f2b1a6115 -C extra-filename=-94543ea788c9c71e --out-dir /private/var/folders/6n/q9s0qd4d5b92jqqf9kk_0kdm0000gn/T/cargo-mutants-tapkey-M4jB7c.tmp/target/debug/deps -C incremental=/private/var/folders/6n/q9s0qd4d5b92jqqf9kk_0kdm0000gn/T/cargo-mutants-tapkey-M4jB7c.tmp/target/debug/incremental -L dependency=/private/var/folders/6n/q9s0qd4d5b92jqqf9kk_0kdm0000gn/T/cargo-mutants-tapkey-M4jB7c.tmp/target/debug/deps --extern libc=/private/var/folders/6n/q9s0qd4d5b92jqqf9kk_0kdm0000gn/T/cargo-mutants-tapkey-M4jB7c.tmp/target/debug/deps/liblibc-52bcda4c9f95e8a3.rlib --extern serde=/private/var/folders/6n/q9s0qd4d5b92jqqf9kk_0kdm0000gn/T/cargo-mutants-tapkey-M4jB7c.tmp/target/debug/deps/libserde-c05f824182859ef6.rlib --extern serde_json=/private/var/folders/6n/q9s0qd4d5b92jqqf9kk_0kdm0000gn/T/cargo-mutants-tapkey-M4jB7c.tmp/target/debug/deps/libserde_json-3da50c024bae21cc.rlib`
     Running `/Users/zuevrs/.rustup/toolchains/stable-aarch64-apple-darwin/bin/rustc --crate-name tapkey_core --edition=2024 core/src/lib.rs --error-format=json --json=diagnostic-rendered-ansi,artifacts,future-incompat --crate-type lib --emit=dep-info,metadata,link -C embed-bitcode=no -C debuginfo=2 -C split-debuginfo=unpacked --check-cfg 'cfg(docsrs,test)' --check-cfg 'cfg(feature, values())' -C metadata=c06ea15570984b51 -C extra-filename=-5078980da336e94b --out-dir /private/var/folders/6n/q9s0qd4d5b92jqqf9kk_0kdm0000gn/T/cargo-mutants-tapkey-M4jB7c.tmp/target/debug/deps -C incremental=/private/var/folders/6n/q9s0qd4d5b92jqqf9kk_0kdm0000gn/T/cargo-mutants-tapkey-M4jB7c.tmp/target/debug/incremental -L dependency=/private/var/folders/6n/q9s0qd4d5b92jqqf9kk_0kdm0000gn/T/cargo-mutants-tapkey-M4jB7c.tmp/target/debug/deps --extern libc=/private/var/folders/6n/q9s0qd4d5b92jqqf9kk_0kdm0000gn/T/cargo-mutants-tapkey-M4jB7c.tmp/target/debug/deps/liblibc-52bcda4c9f95e8a3.rmeta --extern serde=/private/var/folders/6n/q9s0qd4d5b92jqqf9kk_0kdm0000gn/T/cargo-mutants-tapkey-M4jB7c.tmp/target/debug/deps/libserde-c05f824182859ef6.rmeta --extern serde_json=/private/var/folders/6n/q9s0qd4d5b92jqqf9kk_0kdm0000gn/T/cargo-mutants-tapkey-M4jB7c.tmp/target/debug/deps/libserde_json-3da50c024bae21cc.rmeta`
error[E0277]: the trait bound `std::path::Path: Default` is not satisfied
  --> core/src/env.rs:97:33
   |
97 |         Some(Box::leak(Box::new(Default::default()))) /* ~ changed by cargo-mutants ~ */
   |                                 ^^^^^^^^^^^^^^^^^^ the trait `Default` is not implemented for `std::path::Path`

error[E0277]: the size for values of type `[u8]` cannot be known at compilation time
  --> core/src/env.rs:97:33
   |
97 |         Some(Box::leak(Box::new(Default::default()))) /* ~ changed by cargo-mutants ~ */
   |                        -------- ^^^^^^^^^^^^^^^^^^ doesn't have a size known at compile-time
   |                        |
   |                        required by a bound introduced by this call
   |
   = help: within `std::path::Path`, the trait `Sized` is not implemented for `[u8]`
note: required because it appears within the type `std::path::Path`
  --> /rustc/59807616e1fa2540724bfbac14d7976d7e4a3860/library/std/src/path.rs:2327:11
note: required by a bound in `Box::<T>::new`
  --> /rustc/59807616e1fa2540724bfbac14d7976d7e4a3860/library/alloc/src/boxed.rs:284:4

error[E0277]: the trait bound `Path: Default` is not satisfied
  --> core/src/env.rs:97:33
   |
97 |         Some(Box::leak(Box::new(Default::default()))) /* ~ changed by cargo-mutants ~ */
   |                                 ^^^^^^^^^^^^^^^^^^ the trait `Default` is not implemented for `Path`

error[E0277]: the size for values of type `[u8]` cannot be known at compilation time
  --> core/src/env.rs:97:33
   |
97 |         Some(Box::leak(Box::new(Default::default()))) /* ~ changed by cargo-mutants ~ */
   |                        -------- ^^^^^^^^^^^^^^^^^^ doesn't have a size known at compile-time
   |                        |
   |                        required by a bound introduced by this call
   |
   = help: within `Path`, the trait `Sized` is not implemented for `[u8]`
note: required because it appears within the type `Path`
  --> /rustc/59807616e1fa2540724bfbac14d7976d7e4a3860/library/std/src/path.rs:2327:11
note: required by a bound in `Box::<T>::new`
  --> /rustc/59807616e1fa2540724bfbac14d7976d7e4a3860/library/alloc/src/boxed.rs:284:4

For more information about this error, try `rustc --explain E0277`.
error: could not compile `tapkey-core` (lib test) due to 2 previous errors

Caused by:
  process didn't exit successfully: `/Users/zuevrs/.rustup/toolchains/stable-aarch64-apple-darwin/bin/rustc --crate-name tapkey_core --edition=2024 core/src/lib.rs --error-format=json --json=diagnostic-rendered-ansi,artifacts,future-incompat --emit=dep-info,link -C embed-bitcode=no -C debuginfo=2 -C split-debuginfo=unpacked --test --check-cfg 'cfg(docsrs,test)' --check-cfg 'cfg(feature, values())' -C metadata=95e4743f2b1a6115 -C extra-filename=-94543ea788c9c71e --out-dir /private/var/folders/6n/q9s0qd4d5b92jqqf9kk_0kdm0000gn/T/cargo-mutants-tapkey-M4jB7c.tmp/target/debug/deps -C incremental=/private/var/folders/6n/q9s0qd4d5b92jqqf9kk_0kdm0000gn/T/cargo-mutants-tapkey-M4jB7c.tmp/target/debug/incremental -L dependency=/private/var/folders/6n/q9s0qd4d5b92jqqf9kk_0kdm0000gn/T/cargo-mutants-tapkey-M4jB7c.tmp/target/debug/deps --extern libc=/private/var/folders/6n/q9s0qd4d5b92jqqf9kk_0kdm0000gn/T/cargo-mutants-tapkey-M4jB7c.tmp/target/debug/deps/liblibc-52bcda4c9f95e8a3.rlib --extern serde=/private/var/folders/6n/q9s0qd4d5b92jqqf9kk_0kdm0000gn/T/cargo-mutants-tapkey-M4jB7c.tmp/target/debug/deps/libserde-c05f824182859ef6.rlib --extern serde_json=/private/var/folders/6n/q9s0qd4d5b92jqqf9kk_0kdm0000gn/T/cargo-mutants-tapkey-M4jB7c.tmp/target/debug/deps/libserde_json-3da50c024bae21cc.rlib` (exit status: 1)
warning: build failed, waiting for other jobs to finish...
error: could not compile `tapkey-core` (lib) due to 2 previous errors

Caused by:
  process didn't exit successfully: `/Users/zuevrs/.rustup/toolchains/stable-aarch64-apple-darwin/bin/rustc --crate-name tapkey_core --edition=2024 core/src/lib.rs --error-format=json --json=diagnostic-rendered-ansi,artifacts,future-incompat --crate-type lib --emit=dep-info,metadata,link -C embed-bitcode=no -C debuginfo=2 -C split-debuginfo=unpacked --check-cfg 'cfg(docsrs,test)' --check-cfg 'cfg(feature, values())' -C metadata=c06ea15570984b51 -C extra-filename=-5078980da336e94b --out-dir /private/var/folders/6n/q9s0qd4d5b92jqqf9kk_0kdm0000gn/T/cargo-mutants-tapkey-M4jB7c.tmp/target/debug/deps -C incremental=/private/var/folders/6n/q9s0qd4d5b92jqqf9kk_0kdm0000gn/T/cargo-mutants-tapkey-M4jB7c.tmp/target/debug/incremental -L dependency=/private/var/folders/6n/q9s0qd4d5b92jqqf9kk_0kdm0000gn/T/cargo-mutants-tapkey-M4jB7c.tmp/target/debug/deps --extern libc=/private/var/folders/6n/q9s0qd4d5b92jqqf9kk_0kdm0000gn/T/cargo-mutants-tapkey-M4jB7c.tmp/target/debug/deps/liblibc-52bcda4c9f95e8a3.rmeta --extern serde=/private/var/folders/6n/q9s0qd4d5b92jqqf9kk_0kdm0000gn/T/cargo-mutants-tapkey-M4jB7c.tmp/target/debug/deps/libserde-c05f824182859ef6.rmeta --extern serde_json=/private/var/folders/6n/q9s0qd4d5b92jqqf9kk_0kdm0000gn/T/cargo-mutants-tapkey-M4jB7c.tmp/target/debug/deps/libserde_json-3da50c024bae21cc.rmeta` (exit status: 1)

*** result: Failure(101)
