
*** core/src/json.rs:363:5: replace resolve -> Option<&'a Node> with Some(Box::leak(Box::new(Default::default())))

*** mutation diff:
--- core/src/json.rs
+++ replace resolve -> Option<&'a Node> with Some(Box::leak(Box::new(Default::default())))
@@ -355,24 +355,17 @@
     let parent = resolve(node, parents)?;
     let Node::Object { members, .. } = parent else {
         return None;
     };
     members.iter().find(|m| m.key == *last).map(|m| (parent, m))
 }
 
 fn resolve<'a>(node: &'a Node, path: &[&str]) -> Option<&'a Node> {
-    let Some((head, rest)) = path.split_first() else {
-        return Some(node);
-    };
-    let Node::Object { members, .. } = node else {
-        return None;
-    };
-    let member = members.iter().find(|m| m.key == *head)?;
-    resolve(&member.value, rest)
+    Some(Box::leak(Box::new(Default::default()))) /* ~ changed by cargo-mutants ~ */
 }
 
 /// Only what the format requires: a value tapkey writes must not arrive in the file more
 /// escaped than the user's own values are.
 fn encode_string(value: &str) -> Vec<u8> {
     let mut out = Vec::with_capacity(value.len() + 2);
     out.push(b'"');
     for ch in value.chars() {


*** /Users/zuevrs/.rustup/toolchains/stable-aarch64-apple-darwin/bin/cargo test --no-run --verbose --package=tapkey-core@0.0.0
       Fresh unicode-ident v1.0.24
       Fresh memchr v2.8.3
       Fresh itoa v1.0.18
       Fresh proc-macro2 v1.0.107
       Fresh quote v1.0.47
       Fresh serde_core v1.0.229
       Fresh zmij v1.0.23
       Fresh libc v0.2.189
       Fresh syn v3.0.4
       Fresh serde_json v1.0.151
       Fresh serde_derive v1.0.229
       Fresh serde v1.0.229
       Dirty tapkey-core v0.0.0 (/private/var/folders/6n/q9s0qd4d5b92jqqf9kk_0kdm0000gn/T/cargo-mutants-tapkey-cIf4jA.tmp/core): the file `core/src/json.rs` has changed (1787937658.706797640s, 8s after last build at 1787937650.337692179s)
   Compiling tapkey-core v0.0.0 (/private/var/folders/6n/q9s0qd4d5b92jqqf9kk_0kdm0000gn/T/cargo-mutants-tapkey-cIf4jA.tmp/core)
     Running `/Users/zuevrs/.rustup/toolchains/stable-aarch64-apple-darwin/bin/rustc --crate-name tapkey_core --edition=2024 core/src/lib.rs --error-format=json --json=diagnostic-rendered-ansi,artifacts,future-incompat --emit=dep-info,link -C embed-bitcode=no -C debuginfo=2 -C split-debuginfo=unpacked --test --check-cfg 'cfg(docsrs,test)' --check-cfg 'cfg(feature, values())' -C metadata=95e4743f2b1a6115 -C extra-filename=-94543ea788c9c71e --out-dir /private/var/folders/6n/q9s0qd4d5b92jqqf9kk_0kdm0000gn/T/cargo-mutants-tapkey-cIf4jA.tmp/target/debug/deps -C incremental=/private/var/folders/6n/q9s0qd4d5b92jqqf9kk_0kdm0000gn/T/cargo-mutants-tapkey-cIf4jA.tmp/target/debug/incremental -L dependency=/private/var/folders/6n/q9s0qd4d5b92jqqf9kk_0kdm0000gn/T/cargo-mutants-tapkey-cIf4jA.tmp/target/debug/deps --extern libc=/private/var/folders/6n/q9s0qd4d5b92jqqf9kk_0kdm0000gn/T/cargo-mutants-tapkey-cIf4jA.tmp/target/debug/deps/liblibc-52bcda4c9f95e8a3.rlib --extern serde=/private/var/folders/6n/q9s0qd4d5b92jqqf9kk_0kdm0000gn/T/cargo-mutants-tapkey-cIf4jA.tmp/target/debug/deps/libserde-c05f824182859ef6.rlib --extern serde_json=/private/var/folders/6n/q9s0qd4d5b92jqqf9kk_0kdm0000gn/T/cargo-mutants-tapkey-cIf4jA.tmp/target/debug/deps/libserde_json-3da50c024bae21cc.rlib`
     Running `/Users/zuevrs/.rustup/toolchains/stable-aarch64-apple-darwin/bin/rustc --crate-name tapkey_core --edition=2024 core/src/lib.rs --error-format=json --json=diagnostic-rendered-ansi,artifacts,future-incompat --crate-type lib --emit=dep-info,metadata,link -C embed-bitcode=no -C debuginfo=2 -C split-debuginfo=unpacked --check-cfg 'cfg(docsrs,test)' --check-cfg 'cfg(feature, values())' -C metadata=c06ea15570984b51 -C extra-filename=-5078980da336e94b --out-dir /private/var/folders/6n/q9s0qd4d5b92jqqf9kk_0kdm0000gn/T/cargo-mutants-tapkey-cIf4jA.tmp/target/debug/deps -C incremental=/private/var/folders/6n/q9s0qd4d5b92jqqf9kk_0kdm0000gn/T/cargo-mutants-tapkey-cIf4jA.tmp/target/debug/incremental -L dependency=/private/var/folders/6n/q9s0qd4d5b92jqqf9kk_0kdm0000gn/T/cargo-mutants-tapkey-cIf4jA.tmp/target/debug/deps --extern libc=/private/var/folders/6n/q9s0qd4d5b92jqqf9kk_0kdm0000gn/T/cargo-mutants-tapkey-cIf4jA.tmp/target/debug/deps/liblibc-52bcda4c9f95e8a3.rmeta --extern serde=/private/var/folders/6n/q9s0qd4d5b92jqqf9kk_0kdm0000gn/T/cargo-mutants-tapkey-cIf4jA.tmp/target/debug/deps/libserde-c05f824182859ef6.rmeta --extern serde_json=/private/var/folders/6n/q9s0qd4d5b92jqqf9kk_0kdm0000gn/T/cargo-mutants-tapkey-cIf4jA.tmp/target/debug/deps/libserde_json-3da50c024bae21cc.rmeta`
error[E0277]: the trait bound `Node: Default` is not satisfied
   --> core/src/json.rs:363:29
    |
363 |     Some(Box::leak(Box::new(Default::default()))) /* ~ changed by cargo-mutants ~ */
    |                             ^^^^^^^^^^^^^^^^^^ unsatisfied trait bound
    |
help: the trait `Default` is not implemented for `Node`
   --> core/src/json.rs:33:1
    |
 33 | enum Node {
    | ^^^^^^^^^

For more information about this error, try `rustc --explain E0277`.
error: could not compile `tapkey-core` (lib test) due to 1 previous error

Caused by:
  process didn't exit successfully: `/Users/zuevrs/.rustup/toolchains/stable-aarch64-apple-darwin/bin/rustc --crate-name tapkey_core --edition=2024 core/src/lib.rs --error-format=json --json=diagnostic-rendered-ansi,artifacts,future-incompat --emit=dep-info,link -C embed-bitcode=no -C debuginfo=2 -C split-debuginfo=unpacked --test --check-cfg 'cfg(docsrs,test)' --check-cfg 'cfg(feature, values())' -C metadata=95e4743f2b1a6115 -C extra-filename=-94543ea788c9c71e --out-dir /private/var/folders/6n/q9s0qd4d5b92jqqf9kk_0kdm0000gn/T/cargo-mutants-tapkey-cIf4jA.tmp/target/debug/deps -C incremental=/private/var/folders/6n/q9s0qd4d5b92jqqf9kk_0kdm0000gn/T/cargo-mutants-tapkey-cIf4jA.tmp/target/debug/incremental -L dependency=/private/var/folders/6n/q9s0qd4d5b92jqqf9kk_0kdm0000gn/T/cargo-mutants-tapkey-cIf4jA.tmp/target/debug/deps --extern libc=/private/var/folders/6n/q9s0qd4d5b92jqqf9kk_0kdm0000gn/T/cargo-mutants-tapkey-cIf4jA.tmp/target/debug/deps/liblibc-52bcda4c9f95e8a3.rlib --extern serde=/private/var/folders/6n/q9s0qd4d5b92jqqf9kk_0kdm0000gn/T/cargo-mutants-tapkey-cIf4jA.tmp/target/debug/deps/libserde-c05f824182859ef6.rlib --extern serde_json=/private/var/folders/6n/q9s0qd4d5b92jqqf9kk_0kdm0000gn/T/cargo-mutants-tapkey-cIf4jA.tmp/target/debug/deps/libserde_json-3da50c024bae21cc.rlib` (exit status: 1)
warning: build failed, waiting for other jobs to finish...
error: could not compile `tapkey-core` (lib) due to 1 previous error

Caused by:
  process didn't exit successfully: `/Users/zuevrs/.rustup/toolchains/stable-aarch64-apple-darwin/bin/rustc --crate-name tapkey_core --edition=2024 core/src/lib.rs --error-format=json --json=diagnostic-rendered-ansi,artifacts,future-incompat --crate-type lib --emit=dep-info,metadata,link -C embed-bitcode=no -C debuginfo=2 -C split-debuginfo=unpacked --check-cfg 'cfg(docsrs,test)' --check-cfg 'cfg(feature, values())' -C metadata=c06ea15570984b51 -C extra-filename=-5078980da336e94b --out-dir /private/var/folders/6n/q9s0qd4d5b92jqqf9kk_0kdm0000gn/T/cargo-mutants-tapkey-cIf4jA.tmp/target/debug/deps -C incremental=/private/var/folders/6n/q9s0qd4d5b92jqqf9kk_0kdm0000gn/T/cargo-mutants-tapkey-cIf4jA.tmp/target/debug/incremental -L dependency=/private/var/folders/6n/q9s0qd4d5b92jqqf9kk_0kdm0000gn/T/cargo-mutants-tapkey-cIf4jA.tmp/target/debug/deps --extern libc=/private/var/folders/6n/q9s0qd4d5b92jqqf9kk_0kdm0000gn/T/cargo-mutants-tapkey-cIf4jA.tmp/target/debug/deps/liblibc-52bcda4c9f95e8a3.rmeta --extern serde=/private/var/folders/6n/q9s0qd4d5b92jqqf9kk_0kdm0000gn/T/cargo-mutants-tapkey-cIf4jA.tmp/target/debug/deps/libserde-c05f824182859ef6.rmeta --extern serde_json=/private/var/folders/6n/q9s0qd4d5b92jqqf9kk_0kdm0000gn/T/cargo-mutants-tapkey-cIf4jA.tmp/target/debug/deps/libserde_json-3da50c024bae21cc.rmeta` (exit status: 1)

*** result: Failure(101)
