
*** core/src/json.rs:218:17: delete match arm Some(b'"') in Parser<'a>::object

*** mutation diff:
--- core/src/json.rs
+++ delete match arm Some(b'"') in Parser<'a>::object
@@ -210,17 +210,17 @@
             match self.b.get(self.i) {
                 Some(b'}') => {
                     self.i += 1;
                     return Ok(Node::Object {
                         members,
                         span: start..self.i,
                     });
                 }
-                Some(b'"') => {}
+                 /* ~ changed by cargo-mutants ~ */
                 _ => return Err(self.error("a key or a closing brace was expected")),
             }
             let key_start = self.i;
             let key = self.string()?;
             let key_span = key_start..self.i;
 
             self.skip_whitespace();
             if self.b.get(self.i) != Some(&b':') {


*** /Users/zuevrs/.rustup/toolchains/stable-aarch64-apple-darwin/bin/cargo test --no-run --verbose --package=tapkey-core@0.0.0
       Fresh libc v0.2.189
       Dirty tapkey-core v0.0.0 (/private/var/folders/6n/q9s0qd4d5b92jqqf9kk_0kdm0000gn/T/cargo-mutants-tapkey-nJmnFN.tmp/core): the file `core/src/json.rs` has changed (1787933535.071591181s, 5s after last build at 1787933530.810455570s)
   Compiling tapkey-core v0.0.0 (/private/var/folders/6n/q9s0qd4d5b92jqqf9kk_0kdm0000gn/T/cargo-mutants-tapkey-nJmnFN.tmp/core)
     Running `/Users/zuevrs/.rustup/toolchains/stable-aarch64-apple-darwin/bin/rustc --crate-name tapkey_core --edition=2024 core/src/lib.rs --error-format=json --json=diagnostic-rendered-ansi,artifacts,future-incompat --emit=dep-info,link -C embed-bitcode=no -C debuginfo=2 -C split-debuginfo=unpacked --test --check-cfg 'cfg(docsrs,test)' --check-cfg 'cfg(feature, values())' -C metadata=7a405cffd96d514b -C extra-filename=-565f42156525e2da --out-dir /private/var/folders/6n/q9s0qd4d5b92jqqf9kk_0kdm0000gn/T/cargo-mutants-tapkey-nJmnFN.tmp/target/debug/deps -C incremental=/private/var/folders/6n/q9s0qd4d5b92jqqf9kk_0kdm0000gn/T/cargo-mutants-tapkey-nJmnFN.tmp/target/debug/incremental -L dependency=/private/var/folders/6n/q9s0qd4d5b92jqqf9kk_0kdm0000gn/T/cargo-mutants-tapkey-nJmnFN.tmp/target/debug/deps --extern libc=/private/var/folders/6n/q9s0qd4d5b92jqqf9kk_0kdm0000gn/T/cargo-mutants-tapkey-nJmnFN.tmp/target/debug/deps/liblibc-52bcda4c9f95e8a3.rlib`
     Running `/Users/zuevrs/.rustup/toolchains/stable-aarch64-apple-darwin/bin/rustc --crate-name tapkey_core --edition=2024 core/src/lib.rs --error-format=json --json=diagnostic-rendered-ansi,artifacts,future-incompat --crate-type lib --emit=dep-info,metadata,link -C embed-bitcode=no -C debuginfo=2 -C split-debuginfo=unpacked --check-cfg 'cfg(docsrs,test)' --check-cfg 'cfg(feature, values())' -C metadata=9105275b8aef62b4 -C extra-filename=-0d7cc80528a209b4 --out-dir /private/var/folders/6n/q9s0qd4d5b92jqqf9kk_0kdm0000gn/T/cargo-mutants-tapkey-nJmnFN.tmp/target/debug/deps -C incremental=/private/var/folders/6n/q9s0qd4d5b92jqqf9kk_0kdm0000gn/T/cargo-mutants-tapkey-nJmnFN.tmp/target/debug/incremental -L dependency=/private/var/folders/6n/q9s0qd4d5b92jqqf9kk_0kdm0000gn/T/cargo-mutants-tapkey-nJmnFN.tmp/target/debug/deps --extern libc=/private/var/folders/6n/q9s0qd4d5b92jqqf9kk_0kdm0000gn/T/cargo-mutants-tapkey-nJmnFN.tmp/target/debug/deps/liblibc-52bcda4c9f95e8a3.rmeta`
warning: unreachable statement
   --> core/src/json.rs:221:13
    |
210 | /             match self.b.get(self.i) {
211 | |                 Some(b'}') => {
212 | |                     self.i += 1;
213 | |                     return Ok(Node::Object {
...   |
219 | |                 _ => return Err(self.error("a key or a closing brace was expected")),
220 | |             }
    | |_____________- any code following this `match` expression is unreachable, as all arms diverge
221 |               let key_start = self.i;
    |               ^^^^^^^^^^^^^^^^^^^^^^^ unreachable statement
    |
    = note: `#[warn(unreachable_code)]` (part of `#[warn(unused)]`) on by default

warning: variable does not need to be mutable
   --> core/src/json.rs:207:13
    |
207 |         let mut members = Vec::new();
    |             ----^^^^^^^
    |             |
    |             help: remove this `mut`
    |
    = note: `#[warn(unused_mut)]` (part of `#[warn(unused)]`) on by default

warning: method `span` is never used
  --> core/src/json.rs:51:8
   |
50 | impl Node {
   | --------- method in this implementation
51 |     fn span(&self) -> Range<usize> {
   |        ^^^^
   |
   = note: `#[warn(dead_code)]` (part of `#[warn(unused)]`) on by default

warning: `tapkey-core` (lib) generated 3 warnings (3 duplicates)
     Running `/Users/zuevrs/.rustup/toolchains/stable-aarch64-apple-darwin/bin/rustc --crate-name atomic_write --edition=2024 core/tests/atomic_write.rs --error-format=json --json=diagnostic-rendered-ansi,artifacts,future-incompat --emit=dep-info,link -C embed-bitcode=no -C debuginfo=2 -C split-debuginfo=unpacked --test --check-cfg 'cfg(docsrs,test)' --check-cfg 'cfg(feature, values())' -C metadata=0b52fd1bcaeab0b0 -C extra-filename=-ce1d66eb000cfee9 --out-dir /private/var/folders/6n/q9s0qd4d5b92jqqf9kk_0kdm0000gn/T/cargo-mutants-tapkey-nJmnFN.tmp/target/debug/deps -C incremental=/private/var/folders/6n/q9s0qd4d5b92jqqf9kk_0kdm0000gn/T/cargo-mutants-tapkey-nJmnFN.tmp/target/debug/incremental -L dependency=/private/var/folders/6n/q9s0qd4d5b92jqqf9kk_0kdm0000gn/T/cargo-mutants-tapkey-nJmnFN.tmp/target/debug/deps --extern libc=/private/var/folders/6n/q9s0qd4d5b92jqqf9kk_0kdm0000gn/T/cargo-mutants-tapkey-nJmnFN.tmp/target/debug/deps/liblibc-52bcda4c9f95e8a3.rlib --extern tapkey_core=/private/var/folders/6n/q9s0qd4d5b92jqqf9kk_0kdm0000gn/T/cargo-mutants-tapkey-nJmnFN.tmp/target/debug/deps/libtapkey_core-0d7cc80528a209b4.rlib`
     Running `/Users/zuevrs/.rustup/toolchains/stable-aarch64-apple-darwin/bin/rustc --crate-name json_document --edition=2024 core/tests/json_document.rs --error-format=json --json=diagnostic-rendered-ansi,artifacts,future-incompat --emit=dep-info,link -C embed-bitcode=no -C debuginfo=2 -C split-debuginfo=unpacked --test --check-cfg 'cfg(docsrs,test)' --check-cfg 'cfg(feature, values())' -C metadata=61689da969055e25 -C extra-filename=-eb095f4703358108 --out-dir /private/var/folders/6n/q9s0qd4d5b92jqqf9kk_0kdm0000gn/T/cargo-mutants-tapkey-nJmnFN.tmp/target/debug/deps -C incremental=/private/var/folders/6n/q9s0qd4d5b92jqqf9kk_0kdm0000gn/T/cargo-mutants-tapkey-nJmnFN.tmp/target/debug/incremental -L dependency=/private/var/folders/6n/q9s0qd4d5b92jqqf9kk_0kdm0000gn/T/cargo-mutants-tapkey-nJmnFN.tmp/target/debug/deps --extern libc=/private/var/folders/6n/q9s0qd4d5b92jqqf9kk_0kdm0000gn/T/cargo-mutants-tapkey-nJmnFN.tmp/target/debug/deps/liblibc-52bcda4c9f95e8a3.rlib --extern tapkey_core=/private/var/folders/6n/q9s0qd4d5b92jqqf9kk_0kdm0000gn/T/cargo-mutants-tapkey-nJmnFN.tmp/target/debug/deps/libtapkey_core-0d7cc80528a209b4.rlib`
warning: `tapkey-core` (lib test) generated 3 warnings (run `cargo fix --lib -p tapkey-core --tests` to apply 1 suggestion)
    Finished `test` profile [unoptimized + debuginfo] target(s) in 0.38s
  Executable `/private/var/folders/6n/q9s0qd4d5b92jqqf9kk_0kdm0000gn/T/cargo-mutants-tapkey-nJmnFN.tmp/target/debug/deps/tapkey_core-565f42156525e2da`
  Executable `/private/var/folders/6n/q9s0qd4d5b92jqqf9kk_0kdm0000gn/T/cargo-mutants-tapkey-nJmnFN.tmp/target/debug/deps/atomic_write-ce1d66eb000cfee9`
  Executable `/private/var/folders/6n/q9s0qd4d5b92jqqf9kk_0kdm0000gn/T/cargo-mutants-tapkey-nJmnFN.tmp/target/debug/deps/json_document-eb095f4703358108`

*** result: Success

*** /Users/zuevrs/.rustup/toolchains/stable-aarch64-apple-darwin/bin/cargo test --verbose --package=tapkey-core@0.0.0
       Fresh libc v0.2.189
warning: unreachable statement
   --> core/src/json.rs:221:13
    |
210 | /             match self.b.get(self.i) {
211 | |                 Some(b'}') => {
212 | |                     self.i += 1;
213 | |                     return Ok(Node::Object {
...   |
219 | |                 _ => return Err(self.error("a key or a closing brace was expected")),
220 | |             }
    | |_____________- any code following this `match` expression is unreachable, as all arms diverge
221 |               let key_start = self.i;
    |               ^^^^^^^^^^^^^^^^^^^^^^^ unreachable statement
    |
    = note: `#[warn(unreachable_code)]` (part of `#[warn(unused)]`) on by default

warning: variable does not need to be mutable
   --> core/src/json.rs:207:13
    |
207 |         let mut members = Vec::new();
    |             ----^^^^^^^
    |             |
    |             help: remove this `mut`
    |
    = note: `#[warn(unused_mut)]` (part of `#[warn(unused)]`) on by default

warning: method `span` is never used
  --> core/src/json.rs:51:8
   |
50 | impl Node {
   | --------- method in this implementation
51 |     fn span(&self) -> Range<usize> {
   |        ^^^^
   |
   = note: `#[warn(dead_code)]` (part of `#[warn(unused)]`) on by default

warning: `tapkey-core` (lib) generated 3 warnings (run `cargo fix --lib -p tapkey-core` to apply 1 suggestion)
       Fresh tapkey-core v0.0.0 (/private/var/folders/6n/q9s0qd4d5b92jqqf9kk_0kdm0000gn/T/cargo-mutants-tapkey-nJmnFN.tmp/core)
warning: `tapkey-core` (lib test) generated 3 warnings (3 duplicates)
    Finished `test` profile [unoptimized + debuginfo] target(s) in 0.00s
     Running `/private/var/folders/6n/q9s0qd4d5b92jqqf9kk_0kdm0000gn/T/cargo-mutants-tapkey-nJmnFN.tmp/target/debug/deps/tapkey_core-565f42156525e2da`

running 2 tests
test tests::the_crate_compiles_and_declares_an_unstable_schema ... ok
test atomic::tests::the_temp_file_is_a_sibling_of_the_target ... ok

test result: ok. 2 passed; 0 failed; 0 ignored; 0 measured; 0 filtered out; finished in 0.00s

     Running `/private/var/folders/6n/q9s0qd4d5b92jqqf9kk_0kdm0000gn/T/cargo-mutants-tapkey-nJmnFN.tmp/target/debug/deps/atomic_write-ce1d66eb000cfee9`

running 8 tests
test leaves_no_debris_when_the_write_fails_after_the_temp_file_exists ... ok
test writes_the_bytes_to_a_new_file ... ok
test an_existing_file_keeps_the_mode_it_had ... ok
test refuses_when_the_destination_directory_cannot_be_written_even_if_the_file_can ... ok
test a_new_file_is_created_at_the_requested_mode ... ok
test replaces_the_contents_of_an_existing_file ... ok
test follows_a_symlink_instead_of_replacing_it ... ok
test resolves_a_relative_symlink_against_the_directory_holding_it ... ok

test result: ok. 8 passed; 0 failed; 0 ignored; 0 measured; 0 filtered out; finished in 0.07s

     Running `/private/var/folders/6n/q9s0qd4d5b92jqqf9kk_0kdm0000gn/T/cargo-mutants-tapkey-nJmnFN.tmp/target/debug/deps/json_document-eb095f4703358108`

running 18 tests
test a_duplicate_key_is_refused ... ok
test an_unterminated_array_is_a_syntax_error ... ok
test an_array_missing_its_separator_is_a_syntax_error ... ok
test arrays_are_preserved_including_nested_ones ... FAILED
test a_control_character_in_a_written_value_is_escaped ... FAILED
test braces_and_commas_inside_a_string_are_not_structure ... FAILED
test a_minified_file_stays_minified ... FAILED
test a_path_that_is_not_there_is_reported_rather_than_created ... FAILED
test a_byte_order_mark_survives ... FAILED
test a_missing_trailing_newline_is_not_added ... FAILED
test carriage_returns_survive ... FAILED
test non_ascii_passes_through_as_utf8_rather_than_being_escaped ... FAILED
test replaces_a_nested_value_and_leaves_every_other_byte_alone ... FAILED
test replaces_a_top_level_string_and_changes_nothing_else ... FAILED
test setting_one_key_twice_keeps_only_the_last_value ... FAILED
test strict_json_refuses_a_comment ... ok
test setting_the_same_value_twice_is_byte_identical ... FAILED
test strings_holding_escapes_survive_untouched ... FAILED

failures:

---- arrays_are_preserved_including_nested_ones stdout ----

thread 'arrays_are_preserved_including_nested_ones' (16493474) panicked at core/tests/json_document.rs:157:43:
parse: Syntax { offset: 4, message: "a key or a closing brace was expected" }

---- a_control_character_in_a_written_value_is_escaped stdout ----

thread 'a_control_character_in_a_written_value_is_escaped' (16493467) panicked at core/tests/json_document.rs:179:55:
parse: Syntax { offset: 1, message: "a key or a closing brace was expected" }

---- braces_and_commas_inside_a_string_are_not_structure stdout ----

thread 'braces_and_commas_inside_a_string_are_not_structure' (16493475) panicked at core/tests/json_document.rs:142:43:
parse: Syntax { offset: 1, message: "a key or a closing brace was expected" }

---- a_minified_file_stays_minified stdout ----

thread 'a_minified_file_stays_minified' (16493469) panicked at core/tests/json_document.rs:75:89:
parse: Syntax { offset: 1, message: "a key or a closing brace was expected" }
note: run with `RUST_BACKTRACE=1` environment variable to display a backtrace

---- a_path_that_is_not_there_is_reported_rather_than_created stdout ----

thread 'a_path_that_is_not_there_is_reported_rather_than_created' (16493471) panicked at core/tests/json_document.rs:198:59:
parse: Syntax { offset: 1, message: "a key or a closing brace was expected" }

---- a_byte_order_mark_survives stdout ----

thread 'a_byte_order_mark_survives' (16493466) panicked at core/tests/json_document.rs:47:44:
parse: Syntax { offset: 4, message: "a key or a closing brace was expected" }

---- a_missing_trailing_newline_is_not_added stdout ----

thread 'a_missing_trailing_newline_is_not_added' (16493470) panicked at core/tests/json_document.rs:66:61:
parse: Syntax { offset: 1, message: "a key or a closing brace was expected" }

---- carriage_returns_survive stdout ----

thread 'carriage_returns_survive' (16493476) panicked at core/tests/json_document.rs:57:43:
parse: Syntax { offset: 5, message: "a key or a closing brace was expected" }

---- non_ascii_passes_through_as_utf8_rather_than_being_escaped stdout ----

thread 'non_ascii_passes_through_as_utf8_rather_than_being_escaped' (16493477) panicked at core/tests/json_document.rs:84:55:
parse: Syntax { offset: 1, message: "a key or a closing brace was expected" }

---- replaces_a_nested_value_and_leaves_every_other_byte_alone stdout ----

thread 'replaces_a_nested_value_and_leaves_every_other_byte_alone' (16493478) panicked at core/tests/json_document.rs:33:41:
parse: Syntax { offset: 4, message: "a key or a closing brace was expected" }

---- replaces_a_top_level_string_and_changes_nothing_else stdout ----

thread 'replaces_a_top_level_string_and_changes_nothing_else' (16493479) panicked at core/tests/json_document.rs:10:60:
parse: Syntax { offset: 1, message: "a key or a closing brace was expected" }

---- setting_one_key_twice_keeps_only_the_last_value stdout ----

thread 'setting_one_key_twice_keeps_only_the_last_value' (16493480) panicked at core/tests/json_document.rs:188:59:
parse: Syntax { offset: 1, message: "a key or a closing brace was expected" }

---- setting_the_same_value_twice_is_byte_identical stdout ----

thread 'setting_the_same_value_twice_is_byte_identical' (16493481) panicked at core/tests/json_document.rs:94:45:
parse: Syntax { offset: 4, message: "a key or a closing brace was expected" }

---- strings_holding_escapes_survive_untouched stdout ----

thread 'strings_holding_escapes_survive_untouched' (16493483) panicked at core/tests/json_document.rs:129:43:
parse: Syntax { offset: 1, message: "a key or a closing brace was expected" }


failures:
    a_byte_order_mark_survives
    a_control_character_in_a_written_value_is_escaped
    a_minified_file_stays_minified
    a_missing_trailing_newline_is_not_added
    a_path_that_is_not_there_is_reported_rather_than_created
    arrays_are_preserved_including_nested_ones
    braces_and_commas_inside_a_string_are_not_structure
    carriage_returns_survive
    non_ascii_passes_through_as_utf8_rather_than_being_escaped
    replaces_a_nested_value_and_leaves_every_other_byte_alone
    replaces_a_top_level_string_and_changes_nothing_else
    setting_one_key_twice_keeps_only_the_last_value
    setting_the_same_value_twice_is_byte_identical
    strings_holding_escapes_survive_untouched

test result: FAILED. 4 passed; 14 failed; 0 ignored; 0 measured; 0 filtered out; finished in 0.00s

error: test failed, to rerun pass `-p tapkey-core --test json_document`

*** result: Failure(101)
