
*** core/src/json.rs:181:9: replace Parser<'a>::value -> Result<Node, Error> with Ok(Default::default())

*** mutation diff:
--- core/src/json.rs
+++ replace Parser<'a>::value -> Result<Node, Error> with Ok(Default::default())
@@ -173,37 +173,17 @@
 
     fn skip_whitespace(&mut self) {
         while matches!(self.b.get(self.i), Some(b' ' | b'\t' | b'\n' | b'\r')) {
             self.i += 1;
         }
     }
 
     fn value(&mut self) -> Result<Node, Error> {
-        match self.b.get(self.i) {
-            Some(b'{') => self.object(),
-            Some(b'[') => self.array(),
-            Some(b'"') => {
-                let start = self.i;
-                self.string()?;
-                Ok(Node::Opaque {
-                    span: start..self.i,
-                    is_string: true,
-                })
-            }
-            Some(_) => {
-                let start = self.i;
-                self.scalar()?;
-                Ok(Node::Opaque {
-                    span: start..self.i,
-                    is_string: false,
-                })
-            }
-            None => Err(self.error("a value was expected")),
-        }
+        Ok(Default::default()) /* ~ changed by cargo-mutants ~ */
     }
 
     fn object(&mut self) -> Result<Node, Error> {
         let start = self.i;
         self.i += 1; // '{'
         let mut members = Vec::new();
         loop {
             self.skip_whitespace();


*** /Users/zuevrs/.rustup/toolchains/stable-aarch64-apple-darwin/bin/cargo test --no-run --verbose --package=tapkey-core@0.0.0
       Fresh libc v0.2.189
       Dirty tapkey-core v0.0.0 (/private/var/folders/6n/q9s0qd4d5b92jqqf9kk_0kdm0000gn/T/cargo-mutants-tapkey-nJmnFN.tmp/core): the file `core/src/json.rs` has changed (1787933530.482615994s, 4s after last build at 1787933526.912034122s)
   Compiling tapkey-core v0.0.0 (/private/var/folders/6n/q9s0qd4d5b92jqqf9kk_0kdm0000gn/T/cargo-mutants-tapkey-nJmnFN.tmp/core)
     Running `/Users/zuevrs/.rustup/toolchains/stable-aarch64-apple-darwin/bin/rustc --crate-name tapkey_core --edition=2024 core/src/lib.rs --error-format=json --json=diagnostic-rendered-ansi,artifacts,future-incompat --emit=dep-info,link -C embed-bitcode=no -C debuginfo=2 -C split-debuginfo=unpacked --test --check-cfg 'cfg(docsrs,test)' --check-cfg 'cfg(feature, values())' -C metadata=7a405cffd96d514b -C extra-filename=-565f42156525e2da --out-dir /private/var/folders/6n/q9s0qd4d5b92jqqf9kk_0kdm0000gn/T/cargo-mutants-tapkey-nJmnFN.tmp/target/debug/deps -C incremental=/private/var/folders/6n/q9s0qd4d5b92jqqf9kk_0kdm0000gn/T/cargo-mutants-tapkey-nJmnFN.tmp/target/debug/incremental -L dependency=/private/var/folders/6n/q9s0qd4d5b92jqqf9kk_0kdm0000gn/T/cargo-mutants-tapkey-nJmnFN.tmp/target/debug/deps --extern libc=/private/var/folders/6n/q9s0qd4d5b92jqqf9kk_0kdm0000gn/T/cargo-mutants-tapkey-nJmnFN.tmp/target/debug/deps/liblibc-52bcda4c9f95e8a3.rlib`
     Running `/Users/zuevrs/.rustup/toolchains/stable-aarch64-apple-darwin/bin/rustc --crate-name tapkey_core --edition=2024 core/src/lib.rs --error-format=json --json=diagnostic-rendered-ansi,artifacts,future-incompat --crate-type lib --emit=dep-info,metadata,link -C embed-bitcode=no -C debuginfo=2 -C split-debuginfo=unpacked --check-cfg 'cfg(docsrs,test)' --check-cfg 'cfg(feature, values())' -C metadata=9105275b8aef62b4 -C extra-filename=-0d7cc80528a209b4 --out-dir /private/var/folders/6n/q9s0qd4d5b92jqqf9kk_0kdm0000gn/T/cargo-mutants-tapkey-nJmnFN.tmp/target/debug/deps -C incremental=/private/var/folders/6n/q9s0qd4d5b92jqqf9kk_0kdm0000gn/T/cargo-mutants-tapkey-nJmnFN.tmp/target/debug/incremental -L dependency=/private/var/folders/6n/q9s0qd4d5b92jqqf9kk_0kdm0000gn/T/cargo-mutants-tapkey-nJmnFN.tmp/target/debug/deps --extern libc=/private/var/folders/6n/q9s0qd4d5b92jqqf9kk_0kdm0000gn/T/cargo-mutants-tapkey-nJmnFN.tmp/target/debug/deps/liblibc-52bcda4c9f95e8a3.rmeta`
error[E0277]: the trait bound `Node: Default` is not satisfied
   --> core/src/json.rs:181:12
    |
181 |         Ok(Default::default()) /* ~ changed by cargo-mutants ~ */
    |            ^^^^^^^^^^^^^^^^^^ unsatisfied trait bound
    |
help: the trait `Default` is not implemented for `Node`
   --> core/src/json.rs:36:1
    |
 36 | enum Node {
    | ^^^^^^^^^

For more information about this error, try `rustc --explain E0277`.
error: could not compile `tapkey-core` (lib test) due to 1 previous error

Caused by:
  process didn't exit successfully: `/Users/zuevrs/.rustup/toolchains/stable-aarch64-apple-darwin/bin/rustc --crate-name tapkey_core --edition=2024 core/src/lib.rs --error-format=json --json=diagnostic-rendered-ansi,artifacts,future-incompat --emit=dep-info,link -C embed-bitcode=no -C debuginfo=2 -C split-debuginfo=unpacked --test --check-cfg 'cfg(docsrs,test)' --check-cfg 'cfg(feature, values())' -C metadata=7a405cffd96d514b -C extra-filename=-565f42156525e2da --out-dir /private/var/folders/6n/q9s0qd4d5b92jqqf9kk_0kdm0000gn/T/cargo-mutants-tapkey-nJmnFN.tmp/target/debug/deps -C incremental=/private/var/folders/6n/q9s0qd4d5b92jqqf9kk_0kdm0000gn/T/cargo-mutants-tapkey-nJmnFN.tmp/target/debug/incremental -L dependency=/private/var/folders/6n/q9s0qd4d5b92jqqf9kk_0kdm0000gn/T/cargo-mutants-tapkey-nJmnFN.tmp/target/debug/deps --extern libc=/private/var/folders/6n/q9s0qd4d5b92jqqf9kk_0kdm0000gn/T/cargo-mutants-tapkey-nJmnFN.tmp/target/debug/deps/liblibc-52bcda4c9f95e8a3.rlib` (exit status: 1)
warning: build failed, waiting for other jobs to finish...
error: could not compile `tapkey-core` (lib) due to 1 previous error

Caused by:
  process didn't exit successfully: `/Users/zuevrs/.rustup/toolchains/stable-aarch64-apple-darwin/bin/rustc --crate-name tapkey_core --edition=2024 core/src/lib.rs --error-format=json --json=diagnostic-rendered-ansi,artifacts,future-incompat --crate-type lib --emit=dep-info,metadata,link -C embed-bitcode=no -C debuginfo=2 -C split-debuginfo=unpacked --check-cfg 'cfg(docsrs,test)' --check-cfg 'cfg(feature, values())' -C metadata=9105275b8aef62b4 -C extra-filename=-0d7cc80528a209b4 --out-dir /private/var/folders/6n/q9s0qd4d5b92jqqf9kk_0kdm0000gn/T/cargo-mutants-tapkey-nJmnFN.tmp/target/debug/deps -C incremental=/private/var/folders/6n/q9s0qd4d5b92jqqf9kk_0kdm0000gn/T/cargo-mutants-tapkey-nJmnFN.tmp/target/debug/incremental -L dependency=/private/var/folders/6n/q9s0qd4d5b92jqqf9kk_0kdm0000gn/T/cargo-mutants-tapkey-nJmnFN.tmp/target/debug/deps --extern libc=/private/var/folders/6n/q9s0qd4d5b92jqqf9kk_0kdm0000gn/T/cargo-mutants-tapkey-nJmnFN.tmp/target/debug/deps/liblibc-52bcda4c9f95e8a3.rmeta` (exit status: 1)

*** result: Failure(101)
