
*** core/src/json.rs:354:5: replace parent_and_member -> Option<(&'a Node, &'a Member)> with Some((Box::leak(Box::new(Default::default())), Box::leak(Box::new(Default::default()))))

*** mutation diff:
--- core/src/json.rs
+++ replace parent_and_member -> Option<(&'a Node, &'a Member)> with Some((Box::leak(Box::new(Default::default())), Box::leak(Box::new(Default::default()))))
@@ -346,22 +346,17 @@
     let parent = resolve(node, parents)?;
     let Node::Object { members, .. } = parent else {
         return None;
     };
     members.iter().find(|m| m.key == *last)
 }
 
 fn parent_and_member<'a>(node: &'a Node, path: &[&str]) -> Option<(&'a Node, &'a Member)> {
-    let (last, parents) = path.split_last()?;
-    let parent = resolve(node, parents)?;
-    let Node::Object { members, .. } = parent else {
-        return None;
-    };
-    members.iter().find(|m| m.key == *last).map(|m| (parent, m))
+    Some((Box::leak(Box::new(Default::default())), Box::leak(Box::new(Default::default())))) /* ~ changed by cargo-mutants ~ */
 }
 
 fn resolve<'a>(node: &'a Node, path: &[&str]) -> Option<&'a Node> {
     let Some((head, rest)) = path.split_first() else {
         return Some(node);
     };
     let Node::Object { members, .. } = node else {
         return None;


*** /Users/zuevrs/.rustup/toolchains/stable-aarch64-apple-darwin/bin/cargo test --no-run --verbose --package=tapkey-core@0.0.0
       Fresh unicode-ident v1.0.24
       Fresh memchr v2.8.3
       Fresh itoa v1.0.18
       Fresh proc-macro2 v1.0.107
       Fresh quote v1.0.47
       Fresh serde_core v1.0.229
       Fresh zmij v1.0.23
       Fresh libc v0.2.189
       Fresh syn v3.0.4
       Fresh serde_json v1.0.151
       Fresh serde_derive v1.0.229
       Fresh serde v1.0.229
       Dirty tapkey-core v0.0.0 (/private/var/folders/6n/q9s0qd4d5b92jqqf9kk_0kdm0000gn/T/cargo-mutants-tapkey-JDeYtA.tmp/core): the file `core/src/json.rs` has changed (1787937652.763305496s, 7s after last build at 1787937645.850657278s)
   Compiling tapkey-core v0.0.0 (/private/var/folders/6n/q9s0qd4d5b92jqqf9kk_0kdm0000gn/T/cargo-mutants-tapkey-JDeYtA.tmp/core)
     Running `/Users/zuevrs/.rustup/toolchains/stable-aarch64-apple-darwin/bin/rustc --crate-name tapkey_core --edition=2024 core/src/lib.rs --error-format=json --json=diagnostic-rendered-ansi,artifacts,future-incompat --emit=dep-info,link -C embed-bitcode=no -C debuginfo=2 -C split-debuginfo=unpacked --test --check-cfg 'cfg(docsrs,test)' --check-cfg 'cfg(feature, values())' -C metadata=95e4743f2b1a6115 -C extra-filename=-94543ea788c9c71e --out-dir /private/var/folders/6n/q9s0qd4d5b92jqqf9kk_0kdm0000gn/T/cargo-mutants-tapkey-JDeYtA.tmp/target/debug/deps -C incremental=/private/var/folders/6n/q9s0qd4d5b92jqqf9kk_0kdm0000gn/T/cargo-mutants-tapkey-JDeYtA.tmp/target/debug/incremental -L dependency=/private/var/folders/6n/q9s0qd4d5b92jqqf9kk_0kdm0000gn/T/cargo-mutants-tapkey-JDeYtA.tmp/target/debug/deps --extern libc=/private/var/folders/6n/q9s0qd4d5b92jqqf9kk_0kdm0000gn/T/cargo-mutants-tapkey-JDeYtA.tmp/target/debug/deps/liblibc-52bcda4c9f95e8a3.rlib --extern serde=/private/var/folders/6n/q9s0qd4d5b92jqqf9kk_0kdm0000gn/T/cargo-mutants-tapkey-JDeYtA.tmp/target/debug/deps/libserde-c05f824182859ef6.rlib --extern serde_json=/private/var/folders/6n/q9s0qd4d5b92jqqf9kk_0kdm0000gn/T/cargo-mutants-tapkey-JDeYtA.tmp/target/debug/deps/libserde_json-3da50c024bae21cc.rlib`
     Running `/Users/zuevrs/.rustup/toolchains/stable-aarch64-apple-darwin/bin/rustc --crate-name tapkey_core --edition=2024 core/src/lib.rs --error-format=json --json=diagnostic-rendered-ansi,artifacts,future-incompat --crate-type lib --emit=dep-info,metadata,link -C embed-bitcode=no -C debuginfo=2 -C split-debuginfo=unpacked --check-cfg 'cfg(docsrs,test)' --check-cfg 'cfg(feature, values())' -C metadata=c06ea15570984b51 -C extra-filename=-5078980da336e94b --out-dir /private/var/folders/6n/q9s0qd4d5b92jqqf9kk_0kdm0000gn/T/cargo-mutants-tapkey-JDeYtA.tmp/target/debug/deps -C incremental=/private/var/folders/6n/q9s0qd4d5b92jqqf9kk_0kdm0000gn/T/cargo-mutants-tapkey-JDeYtA.tmp/target/debug/incremental -L dependency=/private/var/folders/6n/q9s0qd4d5b92jqqf9kk_0kdm0000gn/T/cargo-mutants-tapkey-JDeYtA.tmp/target/debug/deps --extern libc=/private/var/folders/6n/q9s0qd4d5b92jqqf9kk_0kdm0000gn/T/cargo-mutants-tapkey-JDeYtA.tmp/target/debug/deps/liblibc-52bcda4c9f95e8a3.rmeta --extern serde=/private/var/folders/6n/q9s0qd4d5b92jqqf9kk_0kdm0000gn/T/cargo-mutants-tapkey-JDeYtA.tmp/target/debug/deps/libserde-c05f824182859ef6.rmeta --extern serde_json=/private/var/folders/6n/q9s0qd4d5b92jqqf9kk_0kdm0000gn/T/cargo-mutants-tapkey-JDeYtA.tmp/target/debug/deps/libserde_json-3da50c024bae21cc.rmeta`
error[E0277]: the trait bound `Node: Default` is not satisfied
   --> core/src/json.rs:354:30
    |
354 |     Some((Box::leak(Box::new(Default::default())), Box::leak(Box::new(Default::default())))) /* ~ changed by cargo-mutants ~ */
    |                              ^^^^^^^^^^^^^^^^^^ unsatisfied trait bound
    |
help: the trait `Default` is not implemented for `Node`
   --> core/src/json.rs:33:1
    |
 33 | enum Node {
    | ^^^^^^^^^

error[E0277]: the trait bound `Member: Default` is not satisfied
   --> core/src/json.rs:354:71
    |
354 |     Some((Box::leak(Box::new(Default::default())), Box::leak(Box::new(Default::default())))) /* ~ changed by cargo-mutants ~ */
    |                                                                       ^^^^^^^^^^^^^^^^^^ unsatisfied trait bound
    |
help: the trait `Default` is not implemented for `Member`
   --> core/src/json.rs:47:1
    |
 47 | struct Member {
    | ^^^^^^^^^^^^^

For more information about this error, try `rustc --explain E0277`.
error: could not compile `tapkey-core` (lib test) due to 2 previous errors

Caused by:
  process didn't exit successfully: `/Users/zuevrs/.rustup/toolchains/stable-aarch64-apple-darwin/bin/rustc --crate-name tapkey_core --edition=2024 core/src/lib.rs --error-format=json --json=diagnostic-rendered-ansi,artifacts,future-incompat --emit=dep-info,link -C embed-bitcode=no -C debuginfo=2 -C split-debuginfo=unpacked --test --check-cfg 'cfg(docsrs,test)' --check-cfg 'cfg(feature, values())' -C metadata=95e4743f2b1a6115 -C extra-filename=-94543ea788c9c71e --out-dir /private/var/folders/6n/q9s0qd4d5b92jqqf9kk_0kdm0000gn/T/cargo-mutants-tapkey-JDeYtA.tmp/target/debug/deps -C incremental=/private/var/folders/6n/q9s0qd4d5b92jqqf9kk_0kdm0000gn/T/cargo-mutants-tapkey-JDeYtA.tmp/target/debug/incremental -L dependency=/private/var/folders/6n/q9s0qd4d5b92jqqf9kk_0kdm0000gn/T/cargo-mutants-tapkey-JDeYtA.tmp/target/debug/deps --extern libc=/private/var/folders/6n/q9s0qd4d5b92jqqf9kk_0kdm0000gn/T/cargo-mutants-tapkey-JDeYtA.tmp/target/debug/deps/liblibc-52bcda4c9f95e8a3.rlib --extern serde=/private/var/folders/6n/q9s0qd4d5b92jqqf9kk_0kdm0000gn/T/cargo-mutants-tapkey-JDeYtA.tmp/target/debug/deps/libserde-c05f824182859ef6.rlib --extern serde_json=/private/var/folders/6n/q9s0qd4d5b92jqqf9kk_0kdm0000gn/T/cargo-mutants-tapkey-JDeYtA.tmp/target/debug/deps/libserde_json-3da50c024bae21cc.rlib` (exit status: 1)
warning: build failed, waiting for other jobs to finish...
error: could not compile `tapkey-core` (lib) due to 2 previous errors

Caused by:
  process didn't exit successfully: `/Users/zuevrs/.rustup/toolchains/stable-aarch64-apple-darwin/bin/rustc --crate-name tapkey_core --edition=2024 core/src/lib.rs --error-format=json --json=diagnostic-rendered-ansi,artifacts,future-incompat --crate-type lib --emit=dep-info,metadata,link -C embed-bitcode=no -C debuginfo=2 -C split-debuginfo=unpacked --check-cfg 'cfg(docsrs,test)' --check-cfg 'cfg(feature, values())' -C metadata=c06ea15570984b51 -C extra-filename=-5078980da336e94b --out-dir /private/var/folders/6n/q9s0qd4d5b92jqqf9kk_0kdm0000gn/T/cargo-mutants-tapkey-JDeYtA.tmp/target/debug/deps -C incremental=/private/var/folders/6n/q9s0qd4d5b92jqqf9kk_0kdm0000gn/T/cargo-mutants-tapkey-JDeYtA.tmp/target/debug/incremental -L dependency=/private/var/folders/6n/q9s0qd4d5b92jqqf9kk_0kdm0000gn/T/cargo-mutants-tapkey-JDeYtA.tmp/target/debug/deps --extern libc=/private/var/folders/6n/q9s0qd4d5b92jqqf9kk_0kdm0000gn/T/cargo-mutants-tapkey-JDeYtA.tmp/target/debug/deps/liblibc-52bcda4c9f95e8a3.rmeta --extern serde=/private/var/folders/6n/q9s0qd4d5b92jqqf9kk_0kdm0000gn/T/cargo-mutants-tapkey-JDeYtA.tmp/target/debug/deps/libserde-c05f824182859ef6.rmeta --extern serde_json=/private/var/folders/6n/q9s0qd4d5b92jqqf9kk_0kdm0000gn/T/cargo-mutants-tapkey-JDeYtA.tmp/target/debug/deps/libserde_json-3da50c024bae21cc.rmeta` (exit status: 1)

*** result: Failure(101)
